2026-03-07T09:38:09.057253+00:00 ubuntu-server-lab systemd[1]: modprobe@dm_mod.service: Deactivated successfully.
2026-03-07T09:38:09.066377+00:00 ubuntu-server-lab systemd[1]: Finished modprobe@dm_mod.service - Load Kernel Module dm_mod.
2026-03-07T09:38:09.066499+00:00 ubuntu-server-lab systemd[1]: modprobe@drm.service: Deactivated successfully.
2026-03-07T09:38:09.068442+00:00 ubuntu-server-lab kernel: Linux version 6.8.0-100-generic (buildd@lcy02-amd64-061) (x86_64-linux-gnu-gcc-13 (Ubuntu 13.3.0-6ubuntu2~24.04) 13.3.0, GNU ld (GNU Binutils for Ubuntu) 2.42) #100-Ubuntu SMP PREEMPT_DYNAMIC Tue Jan 13 16:40:06 UTC 2026 (Ubuntu 6.8.0-100.100-generic 6.8.12)
2026-03-07T09:38:09.068476+00:00 ubuntu-server-lab systemd[1]: Finished modprobe@drm.service - Load Kernel Module drm.
2026-03-07T09:38:09.069758+00:00 ubuntu-server-lab systemd[1]: modprobe@efi_pstore.service: Deactivated successfully.
2026-03-07T09:38:09.069786+00:00 ubuntu-server-lab systemd[1]: Finished modprobe@efi_pstore.service - Load Kernel Module efi_pstore.
2026-03-07T09:38:09.069791+00:00 ubuntu-server-lab systemd[1]: modprobe@fuse.service: Deactivated successfully.
2026-03-07T09:38:09.069796+00:00 ubuntu-server-lab systemd[1]: Finished modprobe@fuse.service - Load Kernel Module fuse.
2026-03-07T09:38:09.069801+00:00 ubuntu-server-lab systemd[1]: modprobe@loop.service: Deactivated successfully.
2026-03-07T09:38:09.069805+00:00 ubuntu-server-lab systemd[1]: Finished modprobe@loop.service - Load Kernel Module loop.
2026-03-07T09:38:09.069810+00:00 ubuntu-server-lab systemd[1]: Mounting sys-fs-fuse-connections.mount - FUSE Control File System...
2026-03-07T09:38:09.069832+00:00 ubuntu-server-lab systemd[1]: Mounting sys-kernel-config.mount - Kernel Configuration File System...
2026-03-07T09:38:09.069836+00:00 ubuntu-server-lab systemd[1]: systemd-repart.service - Repartition Root Disk was skipped because no trigger condition checks were met.
2026-03-07T09:38:09.069840+00:00 ubuntu-server-lab systemd-modules-load[317]: Inserted module 'msr'
2026-03-07T09:38:09.069845+00:00 ubuntu-server-lab systemd[1]: Starting systemd-tmpfiles-setup-dev-early.service - Create Static Device Nodes in /dev gracefully...
2026-03-07T09:38:09.069851+00:00 ubuntu-server-lab systemd[1]: Finished keyboard-setup.service - Set the console keyboard layout.
2026-03-07T09:38:09.069855+00:00 ubuntu-server-lab systemd[1]: Finished systemd-remount-fs.service - Remount Root and Kernel File Systems.
2026-03-07T09:38:09.069863+00:00 ubuntu-server-lab systemd[1]: Mounted sys-fs-fuse-connections.mount - FUSE Control File System.
2026-03-07T09:38:09.069867+00:00 ubuntu-server-lab systemd[1]: Mounted sys-kernel-config.mount - Kernel Configuration File System.
2026-03-07T09:38:09.069872+00:00 ubuntu-server-lab systemd[1]: Activating swap swap.img.swap - /swap.img...
2026-03-07T09:38:09.069876+00:00 ubuntu-server-lab systemd[1]: Starting multipathd.service - Device-Mapper Multipath Device Controller...
2026-03-07T09:38:09.069881+00:00 ubuntu-server-lab systemd-modules-load[317]: Inserted module 'dm_multipath'
2026-03-07T09:38:09.069887+00:00 ubuntu-server-lab systemd[1]: systemd-hwdb-update.service - Rebuild Hardware Database was skipped because no trigger condition checks were met.
2026-03-07T09:38:09.069895+00:00 ubuntu-server-lab systemd[1]: Starting systemd-journal-flush.service - Flush Journal to Persistent Storage...
2026-03-07T09:38:09.069900+00:00 ubuntu-server-lab systemd[1]: systemd-pstore.service - Platform Persistent Storage Archival was skipped because of an unmet condition check (ConditionDirectoryNotEmpty=/sys/fs/pstore).
2026-03-07T09:38:09.069904+00:00 ubuntu-server-lab systemd[1]: Starting systemd-random-seed.service - Load/Save OS Random Seed...
2026-03-07T09:38:09.069909+00:00 ubuntu-server-lab systemd[1]: systemd-tpm2-setup.service - TPM2 SRK Setup was skipped because of an unmet condition check (ConditionSecurity=measured-uki).
2026-03-07T09:38:09.069914+00:00 ubuntu-server-lab systemd[1]: Finished systemd-modules-load.service - Load Kernel Modules.
2026-03-07T09:38:09.069922+00:00 ubuntu-server-lab systemd[1]: Starting systemd-sysctl.service - Apply Kernel Variables...
2026-03-07T09:38:09.069926+00:00 ubuntu-server-lab systemd[1]: Finished systemd-udev-trigger.service - Coldplug All udev Devices.
2026-03-07T09:38:09.069931+00:00 ubuntu-server-lab systemd[1]: Activated swap swap.img.swap - /swap.img.
2026-03-07T09:38:09.069936+00:00 ubuntu-server-lab systemd[1]: Reached target swap.target - Swaps.
2026-03-07T09:38:09.069940+00:00 ubuntu-server-lab systemd[1]: Finished systemd-random-seed.service - Load/Save OS Random Seed.
2026-03-07T09:38:09.069944+00:00 ubuntu-server-lab systemd[1]: Finished systemd-journal-flush.service - Flush Journal to Persistent Storage.
2026-03-07T09:38:09.069952+00:00 ubuntu-server-lab systemd[1]: Finished systemd-tmpfiles-setup-dev-early.service - Create Static Device Nodes in /dev gracefully.
2026-03-07T09:38:09.069957+00:00 ubuntu-server-lab systemd[1]: Starting systemd-sysusers.service - Create System Users...
2026-03-07T09:38:09.069961+00:00 ubuntu-server-lab systemd[1]: Finished systemd-sysctl.service - Apply Kernel Variables.
2026-03-07T09:38:09.069966+00:00 ubuntu-server-lab systemd[1]: Finished systemd-sysusers.service - Create System Users.
2026-03-07T09:38:09.069970+00:00 ubuntu-server-lab systemd[1]: Starting systemd-tmpfiles-setup-dev.service - Create Static Device Nodes in /dev...
2026-03-07T09:38:09.069975+00:00 ubuntu-server-lab lvm[302]:   1 logical volume(s) in volume group "ubuntu-vg" monitored
2026-03-07T09:38:09.069983+00:00 ubuntu-server-lab systemd[1]: Finished systemd-tmpfiles-setup-dev.service - Create Static Device Nodes in /dev.
2026-03-07T09:38:09.069988+00:00 ubuntu-server-lab systemd[1]: Starting systemd-udevd.service - Rule-based Manager for Device Events and Files...
2026-03-07T09:38:09.069993+00:00 ubuntu-server-lab systemd[1]: Finished lvm2-monitor.service - Monitoring of LVM2 mirrors, snapshots etc. using dmeventd or progress polling.
2026-03-07T09:38:09.069997+00:00 ubuntu-server-lab multipathd[349]: multipathd v0.9.4: start up
2026-03-07T09:38:09.070002+00:00 ubuntu-server-lab systemd-udevd[370]: Using default interface naming scheme 'v255'.
2026-03-07T09:38:09.070006+00:00 ubuntu-server-lab multipathd[349]: reconfigure: setting up paths and maps
2026-03-07T09:38:09.070014+00:00 ubuntu-server-lab systemd[1]: Started multipathd.service - Device-Mapper Multipath Device Controller.
2026-03-07T09:38:09.070018+00:00 ubuntu-server-lab systemd[1]: Reached target local-fs-pre.target - Preparation for Local File Systems.
2026-03-07T09:38:09.070023+00:00 ubuntu-server-lab systemd[1]: Started systemd-udevd.service - Rule-based Manager for Device Events and Files.
2026-03-07T09:38:09.070027+00:00 ubuntu-server-lab systemd[1]: plymouth-start.service - Show Plymouth Boot Screen was skipped because of an unmet condition check (ConditionKernelCommandLine=splash).
2026-03-07T09:38:09.070032+00:00 ubuntu-server-lab systemd[1]: Started systemd-ask-password-console.path - Dispatch Password Requests to Console Directory Watch.
2026-03-07T09:38:09.070039+00:00 ubuntu-server-lab systemd[1]: systemd-ask-password-plymouth.path - Forward Password Requests to Plymouth Directory Watch was skipped because of an unmet condition check (ConditionPathExists=/run/plymouth/pid).
2026-03-07T09:38:09.070044+00:00 ubuntu-server-lab systemd[1]: Reached target cryptsetup.target - Local Encrypted Volumes.
2026-03-07T09:38:09.070049+00:00 ubuntu-server-lab systemd[1]: Listening on systemd-rfkill.socket - Load/Save RF Kill Switch Status /dev/rfkill Watch.
2026-03-07T09:38:09.070054+00:00 ubuntu-server-lab lvm[453]: PV /dev/sda3 online, VG ubuntu-vg is complete.
2026-03-07T09:38:09.070059+00:00 ubuntu-server-lab lvm[453]: VG ubuntu-vg finished
2026-03-07T09:38:09.070066+00:00 ubuntu-server-lab systemd[1]: Found device dev-disk-by\x2duuid-2f1e1bf8\x2d8cff\x2d422f\x2d8a7a\x2da82edbf83387.device - VBOX_HARDDISK 2.
2026-03-07T09:38:09.070073+00:00 ubuntu-server-lab systemd[1]: Starting systemd-fsck@dev-disk-by\x2duuid-2f1e1bf8\x2d8cff\x2d422f\x2d8a7a\x2da82edbf83387.service - File System Check on /dev/disk/by-uuid/2f1e1bf8-8cff-422f-8a7a-a82edbf83387...
2026-03-07T09:38:09.070078+00:00 ubuntu-server-lab systemd[1]: Started systemd-fsckd.service - File System Check Daemon to report status.
2026-03-07T09:38:09.070082+00:00 ubuntu-server-lab systemd[1]: Reached target sound.target - Sound Card.
2026-03-07T09:38:09.070086+00:00 ubuntu-server-lab systemd-fsck[523]: /dev/sda2: clean, 317/131072 files, 52173/524288 blocks
2026-03-07T09:38:09.070094+00:00 ubuntu-server-lab systemd[1]: Finished systemd-fsck@dev-disk-by\x2duuid-2f1e1bf8\x2d8cff\x2d422f\x2d8a7a\x2da82edbf83387.service - File System Check on /dev/disk/by-uuid/2f1e1bf8-8cff-422f-8a7a-a82edbf83387.
2026-03-07T09:38:09.070098+00:00 ubuntu-server-lab systemd[1]: Mounting boot.mount - /boot...
2026-03-07T09:38:09.070106+00:00 ubuntu-server-lab systemd[1]: Mounted boot.mount - /boot.
2026-03-07T09:38:09.070110+00:00 ubuntu-server-lab systemd[1]: Reached target local-fs.target - Local File Systems.
2026-03-07T09:38:09.070115+00:00 ubuntu-server-lab systemd[1]: Listening on systemd-sysext.socket - System Extension Image Management (Varlink).
2026-03-07T09:38:09.070120+00:00 ubuntu-server-lab systemd[1]: Starting apparmor.service - Load AppArmor profiles...
2026-03-07T09:38:09.070124+00:00 ubuntu-server-lab systemd[1]: Starting console-setup.service - Set console font and keymap...
2026-03-07T09:38:09.070128+00:00 ubuntu-server-lab systemd[1]: Starting finalrd.service - Create final runtime dir for shutdown pivot root...
2026-03-07T09:38:09.070136+00:00 ubuntu-server-lab systemd[1]: Starting ldconfig.service - Rebuild Dynamic Linker Cache...
2026-03-07T09:38:09.070140+00:00 ubuntu-server-lab systemd[1]: Starting plymouth-read-write.service - Tell Plymouth To Write Out Runtime Data...
2026-03-07T09:38:09.070145+00:00 ubuntu-server-lab systemd[1]: Starting systemd-binfmt.service - Set Up Additional Binary Formats...
2026-03-07T09:38:09.070150+00:00 ubuntu-server-lab systemd[1]: Starting systemd-tmpfiles-setup.service - Create Volatile Files and Directories...
2026-03-07T09:38:09.074594+00:00 ubuntu-server-lab kernel: Command line: BOOT_IMAGE=/vmlinuz-6.8.0-100-generic root=/dev/mapper/ubuntu--vg-ubuntu--lv ro
2026-03-07T09:38:09.074615+00:00 ubuntu-server-lab kernel: KERNEL supported cpus:
2026-03-07T09:38:09.074616+00:00 ubuntu-server-lab kernel:   Intel GenuineIntel
2026-03-07T09:38:09.074617+00:00 ubuntu-server-lab kernel:   AMD AuthenticAMD
2026-03-07T09:38:09.074617+00:00 ubuntu-server-lab kernel:   Hygon HygonGenuine
2026-03-07T09:38:09.074618+00:00 ubuntu-server-lab kernel:   Centaur CentaurHauls
2026-03-07T09:38:09.074618+00:00 ubuntu-server-lab kernel:   zhaoxin   Shanghai  
2026-03-07T09:38:09.074622+00:00 ubuntu-server-lab kernel: [Firmware Bug]: TSC doesn't count with P0 frequency!
2026-03-07T09:38:09.074622+00:00 ubuntu-server-lab kernel: BIOS-provided physical RAM map:
2026-03-07T09:38:09.074623+00:00 ubuntu-server-lab kernel: BIOS-e820: [mem 0x0000000000000000-0x000000000009fbff] usable
2026-03-07T09:38:09.074623+00:00 ubuntu-server-lab kernel: BIOS-e820: [mem 0x000000000009fc00-0x000000000009ffff] reserved
2026-03-07T09:38:09.074624+00:00 ubuntu-server-lab kernel: BIOS-e820: [mem 0x00000000000f0000-0x00000000000fffff] reserved
2026-03-07T09:38:09.074624+00:00 ubuntu-server-lab kernel: BIOS-e820: [mem 0x0000000000100000-0x000000007ffeffff] usable
2026-03-07T09:38:09.074625+00:00 ubuntu-server-lab kernel: BIOS-e820: [mem 0x000000007fff0000-0x000000007fffffff] ACPI data
2026-03-07T09:38:09.074628+00:00 ubuntu-server-lab kernel: BIOS-e820: [mem 0x00000000fec00000-0x00000000fec00fff] reserved
2026-03-07T09:38:09.074629+00:00 ubuntu-server-lab kernel: BIOS-e820: [mem 0x00000000fee00000-0x00000000fee00fff] reserved
2026-03-07T09:38:09.074629+00:00 ubuntu-server-lab kernel: BIOS-e820: [mem 0x00000000fffc0000-0x00000000ffffffff] reserved
2026-03-07T09:38:09.074630+00:00 ubuntu-server-lab kernel: NX (Execute Disable) protection: active
2026-03-07T09:38:09.074630+00:00 ubuntu-server-lab kernel: APIC: Static calls initialized
2026-03-07T09:38:09.074630+00:00 ubuntu-server-lab kernel: SMBIOS 2.5 present.
2026-03-07T09:38:09.074633+00:00 ubuntu-server-lab kernel: DMI: innotek GmbH VirtualBox/VirtualBox, BIOS VirtualBox 12/01/2006
2026-03-07T09:38:09.074634+00:00 ubuntu-server-lab kernel: Hypervisor detected: KVM
2026-03-07T09:38:09.074635+00:00 ubuntu-server-lab kernel: kvm-clock: Using msrs 4b564d01 and 4b564d00
2026-03-07T09:38:09.074635+00:00 ubuntu-server-lab kernel: kvm-clock: using sched offset of 9233614965 cycles
2026-03-07T09:38:09.074635+00:00 ubuntu-server-lab kernel: clocksource: kvm-clock: mask: 0xffffffffffffffff max_cycles: 0x1cd42e4dffb, max_idle_ns: 881590591483 ns
2026-03-07T09:38:09.074636+00:00 ubuntu-server-lab kernel: tsc: Detected 2295.686 MHz processor
2026-03-07T09:38:09.074639+00:00 ubuntu-server-lab kernel: e820: update [mem 0x00000000-0x00000fff] usable ==> reserved
2026-03-07T09:38:09.074640+00:00 ubuntu-server-lab kernel: e820: remove [mem 0x000a0000-0x000fffff] usable
2026-03-07T09:38:09.074640+00:00 ubuntu-server-lab kernel: last_pfn = 0x7fff0 max_arch_pfn = 0x400000000
2026-03-07T09:38:09.074641+00:00 ubuntu-server-lab kernel: MTRR map: 4 entries (3 fixed + 1 variable; max 35), built from 16 variable MTRRs
2026-03-07T09:38:09.074641+00:00 ubuntu-server-lab kernel: x86/PAT: Configuration [0-7]: WB  WC  UC- UC  WB  WP  UC- WT  
2026-03-07T09:38:09.074642+00:00 ubuntu-server-lab kernel: found SMP MP-table at [mem 0x0009fbf0-0x0009fbff]
2026-03-07T09:38:09.074642+00:00 ubuntu-server-lab kernel: RAMDISK: [mem 0x2f183000-0x338b8fff]
2026-03-07T09:38:09.074645+00:00 ubuntu-server-lab kernel: ACPI: Early table checksum verification disabled
2026-03-07T09:38:09.074646+00:00 ubuntu-server-lab kernel: ACPI: RSDP 0x00000000000E0000 000024 (v02 VBOX  )
2026-03-07T09:38:09.074646+00:00 ubuntu-server-lab kernel: ACPI: XSDT 0x000000007FFF0030 00003C (v01 VBOX   VBOXXSDT 00000001 ASL  00000061)
2026-03-07T09:38:09.074647+00:00 ubuntu-server-lab kernel: ACPI: FACP 0x000000007FFF00F0 0000F4 (v04 VBOX   VBOXFACP 00000001 ASL  00000061)
2026-03-07T09:38:09.074647+00:00 ubuntu-server-lab kernel: ACPI: DSDT 0x000000007FFF02E0 002353 (v02 VBOX   VBOXBIOS 00000002 VBOX 0002A122)
2026-03-07T09:38:09.074648+00:00 ubuntu-server-lab kernel: ACPI: FACS 0x000000007FFF0200 000040
2026-03-07T09:38:09.074651+00:00 ubuntu-server-lab kernel: ACPI: FACS 0x000000007FFF0200 000040
2026-03-07T09:38:09.074653+00:00 ubuntu-server-lab kernel: ACPI: APIC 0x000000007FFF0240 000054 (v02 VBOX   VBOXAPIC 00000001 ASL  00000061)
2026-03-07T09:38:09.074654+00:00 ubuntu-server-lab kernel: ACPI: SSDT 0x000000007FFF02A0 000038 (v01 VBOX   VBOXCPUT 00000002 VBOX 0002A122)
2026-03-07T09:38:09.074655+00:00 ubuntu-server-lab kernel: ACPI: Reserving FACP table memory at [mem 0x7fff00f0-0x7fff01e3]
2026-03-07T09:38:09.074655+00:00 ubuntu-server-lab kernel: ACPI: Reserving DSDT table memory at [mem 0x7fff02e0-0x7fff2632]
2026-03-07T09:38:09.074656+00:00 ubuntu-server-lab kernel: ACPI: Reserving FACS table memory at [mem 0x7fff0200-0x7fff023f]
2026-03-07T09:38:09.074659+00:00 ubuntu-server-lab kernel: ACPI: Reserving FACS table memory at [mem 0x7fff0200-0x7fff023f]
2026-03-07T09:38:09.074660+00:00 ubuntu-server-lab kernel: ACPI: Reserving APIC table memory at [mem 0x7fff0240-0x7fff0293]
2026-03-07T09:38:09.074661+00:00 ubuntu-server-lab kernel: ACPI: Reserving SSDT table memory at [mem 0x7fff02a0-0x7fff02d7]
2026-03-07T09:38:09.074661+00:00 ubuntu-server-lab kernel: No NUMA configuration found
2026-03-07T09:38:09.074661+00:00 ubuntu-server-lab kernel: Faking a node at [mem 0x0000000000000000-0x000000007ffeffff]
2026-03-07T09:38:09.074662+00:00 ubuntu-server-lab kernel: NODE_DATA(0) allocated [mem 0x7ffc5000-0x7ffeffff]
2026-03-07T09:38:09.074665+00:00 ubuntu-server-lab kernel: Zone ranges:
2026-03-07T09:38:09.074666+00:00 ubuntu-server-lab kernel:   DMA      [mem 0x0000000000001000-0x0000000000ffffff]
2026-03-07T09:38:09.074666+00:00 ubuntu-server-lab kernel:   DMA32    [mem 0x0000000001000000-0x000000007ffeffff]
2026-03-07T09:38:09.074667+00:00 ubuntu-server-lab kernel:   Normal   empty
2026-03-07T09:38:09.074667+00:00 ubuntu-server-lab kernel:   Device   empty
2026-03-07T09:38:09.074667+00:00 ubuntu-server-lab kernel: Movable zone start for each node
2026-03-07T09:38:09.074668+00:00 ubuntu-server-lab kernel: Early memory node ranges
2026-03-07T09:38:09.074671+00:00 ubuntu-server-lab kernel:   node   0: [mem 0x0000000000001000-0x000000000009efff]
2026-03-07T09:38:09.074672+00:00 ubuntu-server-lab kernel:   node   0: [mem 0x0000000000100000-0x000000007ffeffff]
2026-03-07T09:38:09.074672+00:00 ubuntu-server-lab kernel: Initmem setup node 0 [mem 0x0000000000001000-0x000000007ffeffff]
2026-03-07T09:38:09.074673+00:00 ubuntu-server-lab kernel: On node 0, zone DMA: 1 pages in unavailable ranges
2026-03-07T09:38:09.074673+00:00 ubuntu-server-lab kernel: On node 0, zone DMA: 97 pages in unavailable ranges
2026-03-07T09:38:09.074674+00:00 ubuntu-server-lab kernel: On node 0, zone DMA32: 16 pages in unavailable ranges
2026-03-07T09:38:09.074676+00:00 ubuntu-server-lab kernel: ACPI: PM-Timer IO Port: 0x4008
2026-03-07T09:38:09.074677+00:00 ubuntu-server-lab kernel: IOAPIC[0]: apic_id 1, version 32, address 0xfec00000, GSI 0-23
2026-03-07T09:38:09.074678+00:00 ubuntu-server-lab kernel: ACPI: INT_SRC_OVR (bus 0 bus_irq 0 global_irq 2 dfl dfl)
2026-03-07T09:38:09.074678+00:00 ubuntu-server-lab kernel: ACPI: INT_SRC_OVR (bus 0 bus_irq 9 global_irq 9 low level)
2026-03-07T09:38:09.074679+00:00 ubuntu-server-lab kernel: ACPI: Using ACPI (MADT) for SMP configuration information
2026-03-07T09:38:09.074679+00:00 ubuntu-server-lab kernel: smpboot: Allowing 1 CPUs, 0 hotplug CPUs
2026-03-07T09:38:09.074679+00:00 ubuntu-server-lab kernel: PM: hibernation: Registered nosave memory: [mem 0x00000000-0x00000fff]
2026-03-07T09:38:09.074686+00:00 ubuntu-server-lab kernel: PM: hibernation: Registered nosave memory: [mem 0x0009f000-0x000fffff]
2026-03-07T09:38:09.074686+00:00 ubuntu-server-lab kernel: [mem 0x80000000-0xfebfffff] available for PCI devices
2026-03-07T09:38:09.074687+00:00 ubuntu-server-lab kernel: Booting paravirtualized kernel on KVM
2026-03-07T09:38:09.074687+00:00 ubuntu-server-lab kernel: clocksource: refined-jiffies: mask: 0xffffffff max_cycles: 0xffffffff, max_idle_ns: 1910969940391419 ns
2026-03-07T09:38:09.074688+00:00 ubuntu-server-lab kernel: setup_percpu: NR_CPUS:8192 nr_cpumask_bits:1 nr_cpu_ids:1 nr_node_ids:1
2026-03-07T09:38:09.074688+00:00 ubuntu-server-lab kernel: percpu: Embedded 86 pages/cpu s229376 r8192 d114688 u2097152
2026-03-07T09:38:09.074692+00:00 ubuntu-server-lab kernel: pcpu-alloc: s229376 r8192 d114688 u2097152 alloc=1*2097152
2026-03-07T09:38:09.074692+00:00 ubuntu-server-lab kernel: pcpu-alloc: [0] 0 
2026-03-07T09:38:09.074693+00:00 ubuntu-server-lab kernel: kvm-guest: PV spinlocks disabled, single CPU
2026-03-07T09:38:09.074693+00:00 ubuntu-server-lab kernel: Kernel command line: BOOT_IMAGE=/vmlinuz-6.8.0-100-generic root=/dev/mapper/ubuntu--vg-ubuntu--lv ro
2026-03-07T09:38:09.074694+00:00 ubuntu-server-lab kernel: Unknown kernel command line parameters "BOOT_IMAGE=/vmlinuz-6.8.0-100-generic", will be passed to user space.
2026-03-07T09:38:09.074694+00:00 ubuntu-server-lab kernel: random: crng init done
2026-03-07T09:38:09.074697+00:00 ubuntu-server-lab kernel: Dentry cache hash table entries: 262144 (order: 9, 2097152 bytes, linear)
2026-03-07T09:38:09.074698+00:00 ubuntu-server-lab kernel: Inode-cache hash table entries: 131072 (order: 8, 1048576 bytes, linear)
2026-03-07T09:38:09.074698+00:00 ubuntu-server-lab kernel: Fallback order for Node 0: 0 
2026-03-07T09:38:09.074699+00:00 ubuntu-server-lab kernel: Built 1 zonelists, mobility grouping on.  Total pages: 515824
2026-03-07T09:38:09.074699+00:00 ubuntu-server-lab kernel: Policy zone: DMA32
2026-03-07T09:38:09.074699+00:00 ubuntu-server-lab kernel: mem auto-init: stack:all(zero), heap alloc:on, heap free:off
2026-03-07T09:38:09.074702+00:00 ubuntu-server-lab kernel: Memory: 1933156K/2096696K available (22528K kernel code, 4439K rwdata, 14400K rodata, 4920K init, 4788K bss, 163280K reserved, 0K cma-reserved)
2026-03-07T09:38:09.074703+00:00 ubuntu-server-lab kernel: SLUB: HWalign=64, Order=0-3, MinObjects=0, CPUs=1, Nodes=1
2026-03-07T09:38:09.074704+00:00 ubuntu-server-lab kernel: ftrace: allocating 58250 entries in 228 pages
2026-03-07T09:38:09.074704+00:00 ubuntu-server-lab kernel: ftrace: allocated 228 pages with 4 groups
2026-03-07T09:38:09.074704+00:00 ubuntu-server-lab kernel: Dynamic Preempt: voluntary
2026-03-07T09:38:09.074705+00:00 ubuntu-server-lab kernel: rcu: Preemptible hierarchical RCU implementation.
2026-03-07T09:38:09.074708+00:00 ubuntu-server-lab kernel: rcu: 	RCU restricting CPUs from NR_CPUS=8192 to nr_cpu_ids=1.
2026-03-07T09:38:09.074709+00:00 ubuntu-server-lab kernel: 	Trampoline variant of Tasks RCU enabled.
2026-03-07T09:38:09.074709+00:00 ubuntu-server-lab kernel: 	Rude variant of Tasks RCU enabled.
2026-03-07T09:38:09.074709+00:00 ubuntu-server-lab kernel: 	Tracing variant of Tasks RCU enabled.
2026-03-07T09:38:09.074710+00:00 ubuntu-server-lab kernel: rcu: RCU calculated value of scheduler-enlistment delay is 100 jiffies.
2026-03-07T09:38:09.074710+00:00 ubuntu-server-lab kernel: rcu: Adjusting geometry for rcu_fanout_leaf=16, nr_cpu_ids=1
2026-03-07T09:38:09.074711+00:00 ubuntu-server-lab kernel: RCU Tasks: Setting shift to 0 and lim to 1 rcu_task_cb_adjust=1 rcu_task_cpu_ids=1.
2026-03-07T09:38:09.074714+00:00 ubuntu-server-lab kernel: RCU Tasks Rude: Setting shift to 0 and lim to 1 rcu_task_cb_adjust=1 rcu_task_cpu_ids=1.
2026-03-07T09:38:09.074715+00:00 ubuntu-server-lab kernel: RCU Tasks Trace: Setting shift to 0 and lim to 1 rcu_task_cb_adjust=1 rcu_task_cpu_ids=1.
2026-03-07T09:38:09.074715+00:00 ubuntu-server-lab kernel: NR_IRQS: 524544, nr_irqs: 256, preallocated irqs: 16
2026-03-07T09:38:09.074715+00:00 ubuntu-server-lab kernel: rcu: srcu_init: Setting srcu_struct sizes based on contention.
2026-03-07T09:38:09.074716+00:00 ubuntu-server-lab kernel: Console: colour VGA+ 80x25
2026-03-07T09:38:09.074716+00:00 ubuntu-server-lab kernel: printk: legacy console [tty0] enabled
2026-03-07T09:38:09.074898+00:00 ubuntu-server-lab kernel: ACPI: Core revision 20230628
2026-03-07T09:38:09.074900+00:00 ubuntu-server-lab kernel: APIC: Switch to symmetric I/O mode setup
2026-03-07T09:38:09.074901+00:00 ubuntu-server-lab kernel: x2apic enabled
2026-03-07T09:38:09.074901+00:00 ubuntu-server-lab kernel: APIC: Switched APIC routing to: physical x2apic
2026-03-07T09:38:09.074902+00:00 ubuntu-server-lab kernel: ..TIMER: vector=0x30 apic1=0 pin1=2 apic2=-1 pin2=-1
2026-03-07T09:38:09.074902+00:00 ubuntu-server-lab kernel: clocksource: tsc-early: mask: 0xffffffffffffffff max_cycles: 0x211749f51e2, max_idle_ns: 440795249748 ns
2026-03-07T09:38:09.074905+00:00 ubuntu-server-lab kernel: Calibrating delay loop (skipped) preset value.. 4591.37 BogoMIPS (lpj=2295686)
2026-03-07T09:38:09.074906+00:00 ubuntu-server-lab kernel: AMD Zen1 DIV0 bug detected. Disable SMT for full protection.
2026-03-07T09:38:09.074907+00:00 ubuntu-server-lab kernel: CPU0: Hyper-Threading is disabled
2026-03-07T09:38:09.074907+00:00 ubuntu-server-lab kernel: process: using mwait in idle threads
2026-03-07T09:38:09.074907+00:00 ubuntu-server-lab kernel: Last level iTLB entries: 4KB 1024, 2MB 1024, 4MB 512
2026-03-07T09:38:09.074908+00:00 ubuntu-server-lab kernel: Last level dTLB entries: 4KB 1536, 2MB 1536, 4MB 768, 1GB 0
2026-03-07T09:38:09.074908+00:00 ubuntu-server-lab kernel: Spectre V1 : Mitigation: usercopy/swapgs barriers and __user pointer sanitization
2026-03-07T09:38:09.074911+00:00 ubuntu-server-lab kernel: Spectre V2 : Mitigation: Retpolines
2026-03-07T09:38:09.074912+00:00 ubuntu-server-lab kernel: Spectre V2 : Spectre v2 / SpectreRSB: Filling RSB on context switch and VMEXIT
2026-03-07T09:38:09.074912+00:00 ubuntu-server-lab kernel: active return thunk: retbleed_return_thunk
2026-03-07T09:38:09.074913+00:00 ubuntu-server-lab kernel: RETBleed: Mitigation: untrained return thunk
2026-03-07T09:38:09.074913+00:00 ubuntu-server-lab kernel: Speculative Return Stack Overflow: IBPB-extending microcode not applied!
2026-03-07T09:38:09.074914+00:00 ubuntu-server-lab kernel: Speculative Return Stack Overflow: WARNING: See https://kernel.org/doc/html/latest/admin-guide/hw-vuln/srso.html for mitigation options.
2026-03-07T09:38:09.074917+00:00 ubuntu-server-lab kernel: active return thunk: srso_return_thunk
2026-03-07T09:38:09.074918+00:00 ubuntu-server-lab kernel: Speculative Return Stack Overflow: Vulnerable: Safe RET, no microcode
2026-03-07T09:38:09.074918+00:00 ubuntu-server-lab kernel: x86/fpu: Supporting XSAVE feature 0x001: 'x87 floating point registers'
2026-03-07T09:38:09.074919+00:00 ubuntu-server-lab kernel: x86/fpu: Supporting XSAVE feature 0x002: 'SSE registers'
2026-03-07T09:38:09.074919+00:00 ubuntu-server-lab kernel: x86/fpu: Supporting XSAVE feature 0x004: 'AVX registers'
2026-03-07T09:38:09.074920+00:00 ubuntu-server-lab kernel: x86/fpu: xstate_offset[2]:  576, xstate_sizes[2]:  256
2026-03-07T09:38:09.074923+00:00 ubuntu-server-lab kernel: x86/fpu: Enabled xstate features 0x7, context size is 832 bytes, using 'standard' format.
2026-03-07T09:38:09.074923+00:00 ubuntu-server-lab kernel: Freeing SMP alternatives memory: 48K
2026-03-07T09:38:09.074924+00:00 ubuntu-server-lab kernel: pid_max: default: 32768 minimum: 301
2026-03-07T09:38:09.074924+00:00 ubuntu-server-lab kernel: LSM: initializing lsm=lockdown,capability,landlock,yama,apparmor,integrity
2026-03-07T09:38:09.074925+00:00 ubuntu-server-lab kernel: landlock: Up and running.
2026-03-07T09:38:09.074925+00:00 ubuntu-server-lab kernel: Yama: becoming mindful.
2026-03-07T09:38:09.074926+00:00 ubuntu-server-lab kernel: AppArmor: AppArmor initialized
2026-03-07T09:38:09.074929+00:00 ubuntu-server-lab kernel: Mount-cache hash table entries: 4096 (order: 3, 32768 bytes, linear)
2026-03-07T09:38:09.074930+00:00 ubuntu-server-lab kernel: Mountpoint-cache hash table entries: 4096 (order: 3, 32768 bytes, linear)
2026-03-07T09:38:09.074930+00:00 ubuntu-server-lab kernel: APIC calibration not consistent with PM-Timer: 125ms instead of 100ms
2026-03-07T09:38:09.074931+00:00 ubuntu-server-lab kernel: APIC delta adjusted to PM-Timer: 6292090 (7880661)
2026-03-07T09:38:09.074931+00:00 ubuntu-server-lab kernel: smpboot: CPU0: AMD Athlon Silver 3050U with Radeon Graphics (family: 0x17, model: 0x18, stepping: 0x1)
2026-03-07T09:38:09.074931+00:00 ubuntu-server-lab kernel: Performance Events: PMU not available due to virtualization, using software events only.
2026-03-07T09:38:09.074934+00:00 ubuntu-server-lab kernel: signal: max sigframe size: 1776
2026-03-07T09:38:09.074935+00:00 ubuntu-server-lab kernel: rcu: Hierarchical SRCU implementation.
2026-03-07T09:38:09.074936+00:00 ubuntu-server-lab kernel: rcu: 	Max phase no-delay instances is 400.
2026-03-07T09:38:09.074936+00:00 ubuntu-server-lab kernel: NMI watchdog: Perf NMI watchdog permanently disabled
2026-03-07T09:38:09.074937+00:00 ubuntu-server-lab kernel: smp: Bringing up secondary CPUs ...
2026-03-07T09:38:09.074937+00:00 ubuntu-server-lab kernel: smp: Brought up 1 node, 1 CPU
2026-03-07T09:38:09.074940+00:00 ubuntu-server-lab kernel: smpboot: Max logical packages: 1
2026-03-07T09:38:09.074941+00:00 ubuntu-server-lab kernel: smpboot: Total of 1 processors activated (4591.37 BogoMIPS)
2026-03-07T09:38:09.074941+00:00 ubuntu-server-lab kernel: devtmpfs: initialized
2026-03-07T09:38:09.074942+00:00 ubuntu-server-lab kernel: x86/mm: Memory block size: 128MB
2026-03-07T09:38:09.074942+00:00 ubuntu-server-lab kernel: clocksource: jiffies: mask: 0xffffffff max_cycles: 0xffffffff, max_idle_ns: 1911260446275000 ns
2026-03-07T09:38:09.074942+00:00 ubuntu-server-lab kernel: futex hash table entries: 256 (order: 2, 16384 bytes, linear)
2026-03-07T09:38:09.074943+00:00 ubuntu-server-lab kernel: pinctrl core: initialized pinctrl subsystem
2026-03-07T09:38:09.074946+00:00 ubuntu-server-lab kernel: PM: RTC time: 09:37:26, date: 2026-03-07
2026-03-07T09:38:09.074947+00:00 ubuntu-server-lab kernel: NET: Registered PF_NETLINK/PF_ROUTE protocol family
2026-03-07T09:38:09.074947+00:00 ubuntu-server-lab kernel: DMA: preallocated 256 KiB GFP_KERNEL pool for atomic allocations
2026-03-07T09:38:09.074947+00:00 ubuntu-server-lab kernel: DMA: preallocated 256 KiB GFP_KERNEL|GFP_DMA pool for atomic allocations
2026-03-07T09:38:09.074948+00:00 ubuntu-server-lab kernel: DMA: preallocated 256 KiB GFP_KERNEL|GFP_DMA32 pool for atomic allocations
2026-03-07T09:38:09.074948+00:00 ubuntu-server-lab kernel: audit: initializing netlink subsys (disabled)
2026-03-07T09:38:09.074954+00:00 ubuntu-server-lab kernel: audit: type=2000 audit(1772876257.448:1): state=initialized audit_enabled=0 res=1
2026-03-07T09:38:09.074955+00:00 ubuntu-server-lab kernel: thermal_sys: Registered thermal governor 'fair_share'
2026-03-07T09:38:09.074955+00:00 ubuntu-server-lab kernel: thermal_sys: Registered thermal governor 'bang_bang'
2026-03-07T09:38:09.074956+00:00 ubuntu-server-lab kernel: thermal_sys: Registered thermal governor 'step_wise'
2026-03-07T09:38:09.074956+00:00 ubuntu-server-lab kernel: thermal_sys: Registered thermal governor 'user_space'
2026-03-07T09:38:09.074957+00:00 ubuntu-server-lab kernel: thermal_sys: Registered thermal governor 'power_allocator'
2026-03-07T09:38:09.074957+00:00 ubuntu-server-lab kernel: cpuidle: using governor ladder
2026-03-07T09:38:09.074960+00:00 ubuntu-server-lab kernel: cpuidle: using governor menu
2026-03-07T09:38:09.074961+00:00 ubuntu-server-lab kernel: acpiphp: ACPI Hot Plug PCI Controller Driver version: 0.5
2026-03-07T09:38:09.074962+00:00 ubuntu-server-lab kernel: PCI: Using configuration type 1 for base access
2026-03-07T09:38:09.074962+00:00 ubuntu-server-lab kernel: PCI: Using configuration type 1 for extended access
2026-03-07T09:38:09.074962+00:00 ubuntu-server-lab kernel: kprobes: kprobe jump-optimization is enabled. All kprobes are optimized if possible.
2026-03-07T09:38:09.074963+00:00 ubuntu-server-lab kernel: HugeTLB: registered 2.00 MiB page size, pre-allocated 0 pages
2026-03-07T09:38:09.074966+00:00 ubuntu-server-lab kernel: HugeTLB: 28 KiB vmemmap can be freed for a 2.00 MiB page
2026-03-07T09:38:09.074966+00:00 ubuntu-server-lab kernel: ACPI: Added _OSI(Module Device)
2026-03-07T09:38:09.074967+00:00 ubuntu-server-lab kernel: ACPI: Added _OSI(Processor Device)
2026-03-07T09:38:09.074967+00:00 ubuntu-server-lab kernel: ACPI: Added _OSI(Processor Aggregator Device)
2026-03-07T09:38:09.074968+00:00 ubuntu-server-lab kernel: ACPI: 2 ACPI AML tables successfully acquired and loaded
2026-03-07T09:38:09.074968+00:00 ubuntu-server-lab kernel: ACPI: _OSC evaluation for CPUs failed, trying _PDC
2026-03-07T09:38:09.074971+00:00 ubuntu-server-lab kernel: ACPI: Interpreter enabled
2026-03-07T09:38:09.074972+00:00 ubuntu-server-lab kernel: ACPI: PM: (supports S0 S5)
2026-03-07T09:38:09.074973+00:00 ubuntu-server-lab kernel: ACPI: Using IOAPIC for interrupt routing
2026-03-07T09:38:09.074973+00:00 ubuntu-server-lab kernel: PCI: Using host bridge windows from ACPI; if necessary, use "pci=nocrs" and report a bug
2026-03-07T09:38:09.074974+00:00 ubuntu-server-lab kernel: PCI: Using E820 reservations for host bridge windows
2026-03-07T09:38:09.074974+00:00 ubuntu-server-lab kernel: ACPI: Enabled 2 GPEs in block 00 to 07
2026-03-07T09:38:09.074974+00:00 ubuntu-server-lab kernel: ACPI: PCI Root Bridge [PCI0] (domain 0000 [bus 00-ff])
2026-03-07T09:38:09.074977+00:00 ubuntu-server-lab kernel: acpi PNP0A03:00: _OSC: OS supports [ExtendedConfig ASPM ClockPM Segments MSI EDR HPX-Type3]
2026-03-07T09:38:09.074978+00:00 ubuntu-server-lab kernel: acpi PNP0A03:00: _OSC: platform does not support [PCIeCapability LTR DPC]
2026-03-07T09:38:09.074979+00:00 ubuntu-server-lab kernel: acpi PNP0A03:00: _OSC: not requesting control; platform does not support [PCIeCapability]
2026-03-07T09:38:09.074979+00:00 ubuntu-server-lab kernel: acpi PNP0A03:00: _OSC: OS requested [PCIeHotplug SHPCHotplug PME AER PCIeCapability LTR DPC]
2026-03-07T09:38:09.074979+00:00 ubuntu-server-lab kernel: acpi PNP0A03:00: _OSC: platform willing to grant [PCIeHotplug SHPCHotplug PME AER]
2026-03-07T09:38:09.074980+00:00 ubuntu-server-lab kernel: acpi PNP0A03:00: _OSC: platform retains control of PCIe features (AE_SUPPORT)
2026-03-07T09:38:09.074983+00:00 ubuntu-server-lab kernel: PCI host bridge to bus 0000:00
2026-03-07T09:38:09.074984+00:00 ubuntu-server-lab kernel: pci_bus 0000:00: root bus resource [io  0x0000-0x0cf7 window]
2026-03-07T09:38:09.074984+00:00 ubuntu-server-lab kernel: pci_bus 0000:00: root bus resource [io  0x0d00-0xffff window]
2026-03-07T09:38:09.074985+00:00 ubuntu-server-lab kernel: pci_bus 0000:00: root bus resource [mem 0x000a0000-0x000bffff window]
2026-03-07T09:38:09.074985+00:00 ubuntu-server-lab kernel: pci_bus 0000:00: root bus resource [mem 0x80000000-0xfdffffff window]
2026-03-07T09:38:09.074986+00:00 ubuntu-server-lab kernel: pci_bus 0000:00: root bus resource [bus 00-ff]
2026-03-07T09:38:09.074986+00:00 ubuntu-server-lab kernel: pci 0000:00:00.0: [8086:1237] type 00 class 0x060000 conventional PCI endpoint
2026-03-07T09:38:09.075006+00:00 ubuntu-server-lab kernel: pci 0000:00:01.0: [8086:7000] type 00 class 0x060100 conventional PCI endpoint
2026-03-07T09:38:09.075007+00:00 ubuntu-server-lab kernel: pci 0000:00:01.1: [8086:7111] type 00 class 0x01018a conventional PCI endpoint
2026-03-07T09:38:09.075007+00:00 ubuntu-server-lab kernel: pci 0000:00:01.1: BAR 4 [io  0xd000-0xd00f]
2026-03-07T09:38:09.075007+00:00 ubuntu-server-lab kernel: pci 0000:00:01.1: BAR 0 [io  0x01f0-0x01f7]: legacy IDE quirk
2026-03-07T09:38:09.075008+00:00 ubuntu-server-lab kernel: pci 0000:00:01.1: BAR 1 [io  0x03f6]: legacy IDE quirk
2026-03-07T09:38:09.075008+00:00 ubuntu-server-lab kernel: pci 0000:00:01.1: BAR 2 [io  0x0170-0x0177]: legacy IDE quirk
2026-03-07T09:38:09.075014+00:00 ubuntu-server-lab kernel: pci 0000:00:01.1: BAR 3 [io  0x0376]: legacy IDE quirk
2026-03-07T09:38:09.075015+00:00 ubuntu-server-lab kernel: pci 0000:00:02.0: [15ad:0405] type 00 class 0x030000 conventional PCI endpoint
2026-03-07T09:38:09.075015+00:00 ubuntu-server-lab kernel: pci 0000:00:02.0: BAR 0 [io  0xd010-0xd01f]
2026-03-07T09:38:09.075016+00:00 ubuntu-server-lab kernel: pci 0000:00:02.0: BAR 1 [mem 0xe0000000-0xe0ffffff pref]
2026-03-07T09:38:09.075016+00:00 ubuntu-server-lab kernel: pci 0000:00:02.0: BAR 2 [mem 0xf0000000-0xf01fffff]
2026-03-07T09:38:09.075126+00:00 ubuntu-server-lab kernel: pci 0000:00:02.0: Video device with shadowed ROM at [mem 0x000c0000-0x000dffff]
2026-03-07T09:38:09.075131+00:00 ubuntu-server-lab kernel: pci 0000:00:03.0: [8086:100e] type 00 class 0x020000 conventional PCI endpoint
2026-03-07T09:38:09.075132+00:00 ubuntu-server-lab kernel: pci 0000:00:03.0: BAR 0 [mem 0xf0200000-0xf021ffff]
2026-03-07T09:38:09.075133+00:00 ubuntu-server-lab kernel: pci 0000:00:03.0: BAR 2 [io  0xd020-0xd027]
2026-03-07T09:38:09.075133+00:00 ubuntu-server-lab kernel: pci 0000:00:04.0: [80ee:cafe] type 00 class 0x088000 conventional PCI endpoint
2026-03-07T09:38:09.075134+00:00 ubuntu-server-lab kernel: pci 0000:00:04.0: BAR 0 [io  0xd040-0xd05f]
2026-03-07T09:38:09.075134+00:00 ubuntu-server-lab kernel: pci 0000:00:04.0: BAR 1 [mem 0xf0400000-0xf07fffff]
2026-03-07T09:38:09.075134+00:00 ubuntu-server-lab kernel: pci 0000:00:04.0: BAR 2 [mem 0xf0800000-0xf0803fff pref]
2026-03-07T09:38:09.075140+00:00 ubuntu-server-lab kernel: pci 0000:00:05.0: [8086:2415] type 00 class 0x040100 conventional PCI endpoint
2026-03-07T09:38:09.075140+00:00 ubuntu-server-lab kernel: pci 0000:00:05.0: BAR 0 [io  0xd100-0xd1ff]
2026-03-07T09:38:09.075141+00:00 ubuntu-server-lab kernel: pci 0000:00:05.0: BAR 1 [io  0xd200-0xd23f]
2026-03-07T09:38:09.075141+00:00 ubuntu-server-lab kernel: pci 0000:00:06.0: [106b:003f] type 00 class 0x0c0310 conventional PCI endpoint
2026-03-07T09:38:09.075142+00:00 ubuntu-server-lab kernel: pci 0000:00:06.0: BAR 0 [mem 0xf0804000-0xf0804fff]
2026-03-07T09:38:09.075142+00:00 ubuntu-server-lab kernel: pci 0000:00:07.0: [8086:7113] type 00 class 0x068000 conventional PCI endpoint
2026-03-07T09:38:09.075148+00:00 ubuntu-server-lab kernel: pci 0000:00:07.0: quirk: [io  0x4000-0x403f] claimed by PIIX4 ACPI
2026-03-07T09:38:09.075148+00:00 ubuntu-server-lab kernel: pci 0000:00:07.0: quirk: [io  0x4100-0x410f] claimed by PIIX4 SMB
2026-03-07T09:38:09.075149+00:00 ubuntu-server-lab kernel: pci 0000:00:0b.0: [8086:265c] type 00 class 0x0c0320 conventional PCI endpoint
2026-03-07T09:38:09.075149+00:00 ubuntu-server-lab kernel: pci 0000:00:0b.0: BAR 0 [mem 0xf0805000-0xf0805fff]
2026-03-07T09:38:09.075150+00:00 ubuntu-server-lab kernel: pci 0000:00:0d.0: [8086:2829] type 00 class 0x010601 conventional PCI endpoint
2026-03-07T09:38:09.075150+00:00 ubuntu-server-lab kernel: pci 0000:00:0d.0: BAR 0 [io  0xd240-0xd247]
2026-03-07T09:38:09.075151+00:00 ubuntu-server-lab kernel: pci 0000:00:0d.0: BAR 1 [io  0xd248-0xd24b]
2026-03-07T09:38:09.075156+00:00 ubuntu-server-lab kernel: pci 0000:00:0d.0: BAR 2 [io  0xd250-0xd257]
2026-03-07T09:38:09.075157+00:00 ubuntu-server-lab kernel: pci 0000:00:0d.0: BAR 3 [io  0xd258-0xd25b]
2026-03-07T09:38:09.075157+00:00 ubuntu-server-lab kernel: pci 0000:00:0d.0: BAR 4 [io  0xd260-0xd26f]
2026-03-07T09:38:09.075157+00:00 ubuntu-server-lab kernel: pci 0000:00:0d.0: BAR 5 [mem 0xf0806000-0xf0807fff]
2026-03-07T09:38:09.075158+00:00 ubuntu-server-lab kernel: ACPI: PCI: Interrupt link LNKA configured for IRQ 11
2026-03-07T09:38:09.075158+00:00 ubuntu-server-lab kernel: ACPI: PCI: Interrupt link LNKB configured for IRQ 10
2026-03-07T09:38:09.075164+00:00 ubuntu-server-lab kernel: ACPI: PCI: Interrupt link LNKC configured for IRQ 9
2026-03-07T09:38:09.075164+00:00 ubuntu-server-lab kernel: ACPI: PCI: Interrupt link LNKD configured for IRQ 11
2026-03-07T09:38:09.075165+00:00 ubuntu-server-lab kernel: iommu: Default domain type: Translated
2026-03-07T09:38:09.075165+00:00 ubuntu-server-lab kernel: iommu: DMA domain TLB invalidation policy: lazy mode
2026-03-07T09:38:09.075166+00:00 ubuntu-server-lab kernel: SCSI subsystem initialized
2026-03-07T09:38:09.075166+00:00 ubuntu-server-lab kernel: libata version 3.00 loaded.
2026-03-07T09:38:09.075171+00:00 ubuntu-server-lab kernel: ACPI: bus type USB registered
2026-03-07T09:38:09.075172+00:00 ubuntu-server-lab kernel: usbcore: registered new interface driver usbfs
2026-03-07T09:38:09.075173+00:00 ubuntu-server-lab kernel: usbcore: registered new interface driver hub
2026-03-07T09:38:09.075173+00:00 ubuntu-server-lab kernel: usbcore: registered new device driver usb
2026-03-07T09:38:09.075173+00:00 ubuntu-server-lab kernel: pps_core: LinuxPPS API ver. 1 registered
2026-03-07T09:38:09.075174+00:00 ubuntu-server-lab kernel: pps_core: Software ver. 5.3.6 - Copyright 2005-2007 Rodolfo Giometti <giometti@linux.it>
2026-03-07T09:38:09.075174+00:00 ubuntu-server-lab kernel: PTP clock support registered
2026-03-07T09:38:09.075180+00:00 ubuntu-server-lab kernel: EDAC MC: Ver: 3.0.0
2026-03-07T09:38:09.075181+00:00 ubuntu-server-lab kernel: NetLabel: Initializing
2026-03-07T09:38:09.075181+00:00 ubuntu-server-lab kernel: NetLabel:  domain hash size = 128
2026-03-07T09:38:09.075181+00:00 ubuntu-server-lab kernel: NetLabel:  protocols = UNLABELED CIPSOv4 CALIPSO
2026-03-07T09:38:09.075182+00:00 ubuntu-server-lab kernel: NetLabel:  unlabeled traffic allowed by default
2026-03-07T09:38:09.075182+00:00 ubuntu-server-lab kernel: mctp: management component transport protocol core
2026-03-07T09:38:09.075190+00:00 ubuntu-server-lab kernel: NET: Registered PF_MCTP protocol family
2026-03-07T09:38:09.075191+00:00 ubuntu-server-lab kernel: PCI: Using ACPI for IRQ routing
2026-03-07T09:38:09.075192+00:00 ubuntu-server-lab kernel: PCI: pci_cache_line_size set to 64 bytes
2026-03-07T09:38:09.075192+00:00 ubuntu-server-lab kernel: e820: reserve RAM buffer [mem 0x0009fc00-0x0009ffff]
2026-03-07T09:38:09.075192+00:00 ubuntu-server-lab kernel: e820: reserve RAM buffer [mem 0x7fff0000-0x7fffffff]
2026-03-07T09:38:09.075193+00:00 ubuntu-server-lab kernel: pci 0000:00:02.0: vgaarb: setting as boot VGA device
2026-03-07T09:38:09.075193+00:00 ubuntu-server-lab kernel: pci 0000:00:02.0: vgaarb: bridge control possible
2026-03-07T09:38:09.075199+00:00 ubuntu-server-lab kernel: pci 0000:00:02.0: vgaarb: VGA device added: decodes=io+mem,owns=io+mem,locks=none
2026-03-07T09:38:09.075199+00:00 ubuntu-server-lab kernel: vgaarb: loaded
2026-03-07T09:38:09.075200+00:00 ubuntu-server-lab kernel: clocksource: Switched to clocksource kvm-clock
2026-03-07T09:38:09.075200+00:00 ubuntu-server-lab kernel: VFS: Disk quotas dquot_6.6.0
2026-03-07T09:38:09.075201+00:00 ubuntu-server-lab kernel: VFS: Dquot-cache hash table entries: 512 (order 0, 4096 bytes)
2026-03-07T09:38:09.075201+00:00 ubuntu-server-lab kernel: AppArmor: AppArmor Filesystem Enabled
2026-03-07T09:38:09.075207+00:00 ubuntu-server-lab kernel: pnp: PnP ACPI init
2026-03-07T09:38:09.075207+00:00 ubuntu-server-lab kernel: pnp: PnP ACPI: found 2 devices
2026-03-07T09:38:09.075208+00:00 ubuntu-server-lab kernel: clocksource: acpi_pm: mask: 0xffffff max_cycles: 0xffffff, max_idle_ns: 2085701024 ns
2026-03-07T09:38:09.075208+00:00 ubuntu-server-lab kernel: NET: Registered PF_INET protocol family
2026-03-07T09:38:09.075209+00:00 ubuntu-server-lab kernel: IP idents hash table entries: 32768 (order: 6, 262144 bytes, linear)
2026-03-07T09:38:09.075209+00:00 ubuntu-server-lab kernel: tcp_listen_portaddr_hash hash table entries: 1024 (order: 2, 16384 bytes, linear)
2026-03-07T09:38:09.075214+00:00 ubuntu-server-lab kernel: Table-perturb hash table entries: 65536 (order: 6, 262144 bytes, linear)
2026-03-07T09:38:09.075215+00:00 ubuntu-server-lab kernel: TCP established hash table entries: 16384 (order: 5, 131072 bytes, linear)
2026-03-07T09:38:09.075216+00:00 ubuntu-server-lab kernel: TCP bind hash table entries: 16384 (order: 7, 524288 bytes, linear)
2026-03-07T09:38:09.075216+00:00 ubuntu-server-lab kernel: TCP: Hash tables configured (established 16384 bind 16384)
2026-03-07T09:38:09.075216+00:00 ubuntu-server-lab kernel: MPTCP token hash table entries: 2048 (order: 3, 49152 bytes, linear)
2026-03-07T09:38:09.075217+00:00 ubuntu-server-lab kernel: UDP hash table entries: 1024 (order: 3, 32768 bytes, linear)
2026-03-07T09:38:09.075217+00:00 ubuntu-server-lab kernel: UDP-Lite hash table entries: 1024 (order: 3, 32768 bytes, linear)
2026-03-07T09:38:09.075223+00:00 ubuntu-server-lab kernel: NET: Registered PF_UNIX/PF_LOCAL protocol family
2026-03-07T09:38:09.075223+00:00 ubuntu-server-lab kernel: NET: Registered PF_XDP protocol family
2026-03-07T09:38:09.075224+00:00 ubuntu-server-lab kernel: pci_bus 0000:00: resource 4 [io  0x0000-0x0cf7 window]
2026-03-07T09:38:09.075224+00:00 ubuntu-server-lab kernel: pci_bus 0000:00: resource 5 [io  0x0d00-0xffff window]
2026-03-07T09:38:09.075225+00:00 ubuntu-server-lab kernel: pci_bus 0000:00: resource 6 [mem 0x000a0000-0x000bffff window]
2026-03-07T09:38:09.075225+00:00 ubuntu-server-lab kernel: pci_bus 0000:00: resource 7 [mem 0x80000000-0xfdffffff window]
2026-03-07T09:38:09.075230+00:00 ubuntu-server-lab kernel: pci 0000:00:00.0: Limiting direct PCI/PCI transfers
2026-03-07T09:38:09.075231+00:00 ubuntu-server-lab kernel: PCI: CLS 0 bytes, default 64
2026-03-07T09:38:09.075231+00:00 ubuntu-server-lab kernel: Trying to unpack rootfs image as initramfs...
2026-03-07T09:38:09.075232+00:00 ubuntu-server-lab kernel: clocksource: tsc: mask: 0xffffffffffffffff max_cycles: 0x211749f51e2, max_idle_ns: 440795249748 ns
2026-03-07T09:38:09.075232+00:00 ubuntu-server-lab kernel: clocksource: Switched to clocksource tsc
2026-03-07T09:38:09.075233+00:00 ubuntu-server-lab kernel: platform rtc_cmos: registered platform RTC device (no PNP device found)
2026-03-07T09:38:09.075233+00:00 ubuntu-server-lab kernel: Initialise system trusted keyrings
2026-03-07T09:38:09.075238+00:00 ubuntu-server-lab kernel: Key type blacklist registered
2026-03-07T09:38:09.075239+00:00 ubuntu-server-lab kernel: workingset: timestamp_bits=36 max_order=19 bucket_order=0
2026-03-07T09:38:09.075240+00:00 ubuntu-server-lab kernel: zbud: loaded
2026-03-07T09:38:09.075240+00:00 ubuntu-server-lab kernel: squashfs: version 4.0 (2009/01/31) Phillip Lougher
2026-03-07T09:38:09.075240+00:00 ubuntu-server-lab kernel: fuse: init (API version 7.39)
2026-03-07T09:38:09.075241+00:00 ubuntu-server-lab kernel: integrity: Platform Keyring initialized
2026-03-07T09:38:09.075246+00:00 ubuntu-server-lab kernel: integrity: Machine keyring initialized
2026-03-07T09:38:09.075247+00:00 ubuntu-server-lab kernel: Key type asymmetric registered
2026-03-07T09:38:09.075247+00:00 ubuntu-server-lab kernel: Asymmetric key parser 'x509' registered
2026-03-07T09:38:09.075248+00:00 ubuntu-server-lab kernel: Block layer SCSI generic (bsg) driver version 0.4 loaded (major 243)
2026-03-07T09:38:09.075248+00:00 ubuntu-server-lab kernel: io scheduler mq-deadline registered
2026-03-07T09:38:09.075249+00:00 ubuntu-server-lab kernel: shpchp: Standard Hot Plug PCI Controller Driver version: 0.4
2026-03-07T09:38:09.075254+00:00 ubuntu-server-lab kernel: ACPI: AC: AC Adapter [AC] (off-line)
2026-03-07T09:38:09.075254+00:00 ubuntu-server-lab kernel: input: Power Button as /devices/LNXSYSTM:00/LNXPWRBN:00/input/input0
2026-03-07T09:38:09.075255+00:00 ubuntu-server-lab kernel: ACPI: button: Power Button [PWRF]
2026-03-07T09:38:09.075255+00:00 ubuntu-server-lab kernel: input: Sleep Button as /devices/LNXSYSTM:00/LNXSLPBN:00/input/input1
2026-03-07T09:38:09.075256+00:00 ubuntu-server-lab kernel: ACPI: button: Sleep Button [SLPF]
2026-03-07T09:38:09.075256+00:00 ubuntu-server-lab kernel: Serial: 8250/16550 driver, 32 ports, IRQ sharing enabled
2026-03-07T09:38:09.075257+00:00 ubuntu-server-lab kernel: ACPI: battery: Slot [BAT0] (battery present)
2026-03-07T09:38:09.075262+00:00 ubuntu-server-lab kernel: Linux agpgart interface v0.103
2026-03-07T09:38:09.075263+00:00 ubuntu-server-lab kernel: loop: module loaded
2026-03-07T09:38:09.075263+00:00 ubuntu-server-lab kernel: ata_piix 0000:00:01.1: version 2.13
2026-03-07T09:38:09.075263+00:00 ubuntu-server-lab kernel: scsi host0: ata_piix
2026-03-07T09:38:09.075264+00:00 ubuntu-server-lab kernel: scsi host1: ata_piix
2026-03-07T09:38:09.075264+00:00 ubuntu-server-lab kernel: ata1: PATA max UDMA/33 cmd 0x1f0 ctl 0x3f6 bmdma 0xd000 irq 14 lpm-pol 0
2026-03-07T09:38:09.075270+00:00 ubuntu-server-lab kernel: ata2: PATA max UDMA/33 cmd 0x170 ctl 0x376 bmdma 0xd008 irq 15 lpm-pol 0
2026-03-07T09:38:09.075270+00:00 ubuntu-server-lab kernel: ACPI: bus type drm_connector registered
2026-03-07T09:38:09.075271+00:00 ubuntu-server-lab kernel: tun: Universal TUN/TAP device driver, 1.6
2026-03-07T09:38:09.075271+00:00 ubuntu-server-lab kernel: PPP generic driver version 2.4.2
2026-03-07T09:38:09.075272+00:00 ubuntu-server-lab kernel: ohci-pci 0000:00:06.0: OHCI PCI host controller
2026-03-07T09:38:09.075272+00:00 ubuntu-server-lab kernel: ohci-pci 0000:00:06.0: new USB bus registered, assigned bus number 1
2026-03-07T09:38:09.075273+00:00 ubuntu-server-lab kernel: ohci-pci 0000:00:06.0: irq 22, io mem 0xf0804000
2026-03-07T09:38:09.075278+00:00 ubuntu-server-lab kernel: usb usb1: New USB device found, idVendor=1d6b, idProduct=0001, bcdDevice= 6.08
2026-03-07T09:38:09.075481+00:00 ubuntu-server-lab systemd[1]: Starting ufw.service - Uncomplicated firewall...
2026-03-07T09:38:09.075531+00:00 ubuntu-server-lab systemd[1]: Finished console-setup.service - Set console font and keymap.
2026-03-07T09:38:09.075536+00:00 ubuntu-server-lab systemd[1]: Finished finalrd.service - Create final runtime dir for shutdown pivot root.
2026-03-07T09:38:09.075543+00:00 ubuntu-server-lab systemd[1]: proc-sys-fs-binfmt_misc.automount: Got automount request for /proc/sys/fs/binfmt_misc, triggered by 545 (systemd-binfmt)
2026-03-07T09:38:09.075548+00:00 ubuntu-server-lab systemd[1]: Mounting proc-sys-fs-binfmt_misc.mount - Arbitrary Executable File Formats File System...
2026-03-07T09:38:09.075553+00:00 ubuntu-server-lab apparmor.systemd[538]: Restarting AppArmor
2026-03-07T09:38:09.075559+00:00 ubuntu-server-lab systemd[1]: Finished plymouth-read-write.service - Tell Plymouth To Write Out Runtime Data.
2026-03-07T09:38:09.075565+00:00 ubuntu-server-lab apparmor.systemd[538]: /lib/apparmor/apparmor.systemd: 148: [: Illegal number: yes
2026-03-07T09:38:09.075579+00:00 ubuntu-server-lab apparmor.systemd[538]: Reloading AppArmor profiles
2026-03-07T09:38:09.075586+00:00 ubuntu-server-lab systemd[1]: Finished ufw.service - Uncomplicated firewall.
2026-03-07T09:38:09.075591+00:00 ubuntu-server-lab systemd[1]: Mounted proc-sys-fs-binfmt_misc.mount - Arbitrary Executable File Formats File System.
2026-03-07T09:38:09.075598+00:00 ubuntu-server-lab systemd[1]: Finished systemd-binfmt.service - Set Up Additional Binary Formats.
2026-03-07T09:38:09.075603+00:00 ubuntu-server-lab systemd[1]: Finished systemd-tmpfiles-setup.service - Create Volatile Files and Directories.
2026-03-07T09:38:09.075609+00:00 ubuntu-server-lab systemd[1]: systemd-firstboot.service - First Boot Wizard was skipped because of an unmet condition check (ConditionFirstBoot=yes).
2026-03-07T09:38:09.075614+00:00 ubuntu-server-lab systemd[1]: first-boot-complete.target - First Boot Complete was skipped because of an unmet condition check (ConditionFirstBoot=yes).
2026-03-07T09:38:09.075619+00:00 ubuntu-server-lab systemd[1]: Starting systemd-journal-catalog-update.service - Rebuild Journal Catalog...
2026-03-07T09:38:09.075624+00:00 ubuntu-server-lab systemd[1]: systemd-machine-id-commit.service - Commit a transient machine-id on disk was skipped because of an unmet condition check (ConditionPathIsMountPoint=/etc/machine-id).
2026-03-07T09:38:09.075629+00:00 ubuntu-server-lab systemd[1]: Starting systemd-resolved.service - Network Name Resolution...
2026-03-07T09:38:09.075634+00:00 ubuntu-server-lab systemd[1]: Starting systemd-timesyncd.service - Network Time Synchronization...
2026-03-07T09:38:09.075639+00:00 ubuntu-server-lab systemd[1]: Starting systemd-update-utmp.service - Record System Boot/Shutdown in UTMP...
2026-03-07T09:38:09.075644+00:00 ubuntu-server-lab systemd[1]: Finished ldconfig.service - Rebuild Dynamic Linker Cache.
2026-03-07T09:38:09.075649+00:00 ubuntu-server-lab systemd[1]: Finished systemd-update-utmp.service - Record System Boot/Shutdown in UTMP.
2026-03-07T09:38:09.075654+00:00 ubuntu-server-lab systemd[1]: Started systemd-timesyncd.service - Network Time Synchronization.
2026-03-07T09:38:09.075659+00:00 ubuntu-server-lab systemd[1]: Reached target time-set.target - System Time Set.
2026-03-07T09:38:09.075664+00:00 ubuntu-server-lab systemd[1]: Finished systemd-journal-catalog-update.service - Rebuild Journal Catalog.
2026-03-07T09:38:09.075670+00:00 ubuntu-server-lab systemd[1]: Starting systemd-update-done.service - Update is Completed...
2026-03-07T09:38:09.075675+00:00 ubuntu-server-lab systemd[1]: Finished systemd-update-done.service - Update is Completed.
2026-03-07T09:38:09.075680+00:00 ubuntu-server-lab systemd-resolved[567]: Positive Trust Anchors:
2026-03-07T09:38:09.075686+00:00 ubuntu-server-lab systemd-resolved[567]: . IN DS 20326 8 2 e06d44b80b8f1d39a95c0b0d7c65d08458e880409bbc683457104237c7f8ec8d
2026-03-07T09:38:09.075691+00:00 ubuntu-server-lab systemd-resolved[567]: Negative trust anchors: home.arpa 10.in-addr.arpa 16.172.in-addr.arpa 17.172.in-addr.arpa 18.172.in-addr.arpa 19.172.in-addr.arpa 20.172.in-addr.arpa 21.172.in-addr.arpa 22.172.in-addr.arpa 23.172.in-addr.arpa 24.172.in-addr.arpa 25.172.in-addr.arpa 26.172.in-addr.arpa 27.172.in-addr.arpa 28.172.in-addr.arpa 29.172.in-addr.arpa 30.172.in-addr.arpa 31.172.in-addr.arpa 170.0.0.192.in-addr.arpa 171.0.0.192.in-addr.arpa 168.192.in-addr.arpa d.f.ip6.arpa ipv4only.arpa corp home internal intranet lan local private test
2026-03-07T09:38:09.075697+00:00 ubuntu-server-lab systemd-resolved[567]: Using system hostname 'ubuntu-server-lab'.
2026-03-07T09:38:09.075702+00:00 ubuntu-server-lab systemd[1]: Started systemd-resolved.service - Network Name Resolution.
2026-03-07T09:38:09.075706+00:00 ubuntu-server-lab systemd[1]: Reached target nss-lookup.target - Host and Network Name Lookups.
2026-03-07T09:38:09.075711+00:00 ubuntu-server-lab systemd[1]: Finished apparmor.service - Load AppArmor profiles.
2026-03-07T09:38:09.075715+00:00 ubuntu-server-lab systemd[1]: Starting snapd.apparmor.service - Load AppArmor profiles managed internally by snapd...
2026-03-07T09:38:09.075721+00:00 ubuntu-server-lab systemd[1]: vgauth.service - Authentication service for virtual machines hosted on VMware was skipped because of an unmet condition check (ConditionVirtualization=vmware).
2026-03-07T09:38:09.075725+00:00 ubuntu-server-lab systemd[1]: open-vm-tools.service - Service for virtual machines hosted on VMware was skipped because of an unmet condition check (ConditionVirtualization=vmware).
2026-03-07T09:38:09.075730+00:00 ubuntu-server-lab systemd[1]: Starting cloud-init-local.service - Cloud-init: Local Stage (pre-network)...
2026-03-07T09:38:09.075736+00:00 ubuntu-server-lab snapd-apparmor[681]: main.go:143: No profiles to load
2026-03-07T09:38:09.075742+00:00 ubuntu-server-lab systemd[1]: Finished snapd.apparmor.service - Load AppArmor profiles managed internally by snapd.
2026-03-07T09:38:09.075749+00:00 ubuntu-server-lab cloud-init[691]: Cloud-init v. 25.2-0ubuntu1~24.04.1 running 'init-local' at Sat, 07 Mar 2026 09:37:54 +0000. Up 28.21 seconds.
2026-03-07T09:38:09.075756+00:00 ubuntu-server-lab systemd[1]: netplan-ovs-cleanup.service - OpenVSwitch configuration for cleanup was skipped because of an unmet condition check (ConditionFileIsExecutable=/usr/bin/ovs-vsctl).
2026-03-07T09:38:09.075771+00:00 ubuntu-server-lab systemd[1]: message repeated 2 times: [ netplan-ovs-cleanup.service - OpenVSwitch configuration for cleanup was skipped because of an unmet condition check (ConditionFileIsExecutable=/usr/bin/ovs-vsctl).]
2026-03-07T09:38:09.075777+00:00 ubuntu-server-lab systemd[1]: Reloading requested from client PID 701 ('systemctl') (unit cloud-init-local.service)...
2026-03-07T09:38:09.075791+00:00 ubuntu-server-lab systemd[1]: Reloading...
2026-03-07T09:38:09.075796+00:00 ubuntu-server-lab systemd[1]: Reloading finished in 749 ms.
2026-03-07T09:38:09.075802+00:00 ubuntu-server-lab systemd[1]: Finished cloud-init-local.service - Cloud-init: Local Stage (pre-network).
2026-03-07T09:38:09.075807+00:00 ubuntu-server-lab systemd[1]: Reached target network-pre.target - Preparation for Network.
2026-03-07T09:38:09.075812+00:00 ubuntu-server-lab systemd[1]: Starting systemd-networkd.service - Network Configuration...
2026-03-07T09:38:09.075818+00:00 ubuntu-server-lab systemd-networkd[740]: lo: Link UP
2026-03-07T09:38:09.075823+00:00 ubuntu-server-lab systemd-networkd[740]: lo: Gained carrier
2026-03-07T09:38:09.075839+00:00 ubuntu-server-lab systemd-networkd[740]: Enumeration completed
2026-03-07T09:38:09.075844+00:00 ubuntu-server-lab systemd[1]: Started systemd-networkd.service - Network Configuration.
2026-03-07T09:38:09.075848+00:00 ubuntu-server-lab systemd[1]: Reached target network.target - Network.
2026-03-07T09:38:09.075853+00:00 ubuntu-server-lab systemd-networkd[740]: enp0s3: Configuring with /run/systemd/network/10-netplan-enp0s3.network.
2026-03-07T09:38:09.075857+00:00 ubuntu-server-lab systemd-networkd[740]: enp0s3: Link UP
2026-03-07T09:38:09.075862+00:00 ubuntu-server-lab systemd-networkd[740]: enp0s3: Gained carrier
2026-03-07T09:38:09.075954+00:00 ubuntu-server-lab systemd[1]: Starting systemd-networkd-wait-online.service - Wait for Network to be Configured...
2026-03-07T09:38:09.075966+00:00 ubuntu-server-lab systemd-networkd[740]: enp0s3: DHCPv4 address 192.168.56.101/24 acquired from 192.168.56.100
2026-03-07T09:38:09.075971+00:00 ubuntu-server-lab systemd-timesyncd[569]: Network configuration changed, trying to establish connection.
2026-03-07T09:38:09.075976+00:00 ubuntu-server-lab systemd-networkd[740]: enp0s3: Gained IPv6LL
2026-03-07T09:38:09.075981+00:00 ubuntu-server-lab systemd-timesyncd[569]: Network configuration changed, trying to establish connection.
2026-03-07T09:38:09.075986+00:00 ubuntu-server-lab systemd[1]: Finished systemd-networkd-wait-online.service - Wait for Network to be Configured.
2026-03-07T09:38:09.075991+00:00 ubuntu-server-lab systemd[1]: Starting cloud-init.service - Cloud-init: Network Stage...
2026-03-07T09:38:09.075999+00:00 ubuntu-server-lab cloud-init[755]: Cloud-init v. 25.2-0ubuntu1~24.04.1 running 'init' at Sat, 07 Mar 2026 09:38:00 +0000. Up 34.18 seconds.
2026-03-07T09:38:09.076004+00:00 ubuntu-server-lab cloud-init[755]: ci-info: ++++++++++++++++++++++++++++++++++++++Net device info+++++++++++++++++++++++++++++++++++++++
2026-03-07T09:38:09.076009+00:00 ubuntu-server-lab cloud-init[755]: ci-info: +--------+------+-----------------------------+---------------+--------+-------------------+
2026-03-07T09:38:09.076014+00:00 ubuntu-server-lab cloud-init[755]: ci-info: | Device |  Up  |           Address           |      Mask     | Scope  |     Hw-Address    |
2026-03-07T09:38:09.076019+00:00 ubuntu-server-lab cloud-init[755]: ci-info: +--------+------+-----------------------------+---------------+--------+-------------------+
2026-03-07T09:38:09.076023+00:00 ubuntu-server-lab cloud-init[755]: ci-info: | enp0s3 | True |        192.168.56.101       | 255.255.255.0 | global | 08:00:27:27:90:53 |
2026-03-07T09:38:09.076028+00:00 ubuntu-server-lab cloud-init[755]: ci-info: | enp0s3 | True | fe80::a00:27ff:fe27:9053/64 |       .       |  link  | 08:00:27:27:90:53 |
2026-03-07T09:38:09.076041+00:00 ubuntu-server-lab cloud-init[755]: ci-info: |   lo   | True |          127.0.0.1          |   255.0.0.0   |  host  |         .         |
2026-03-07T09:38:09.076046+00:00 ubuntu-server-lab cloud-init[755]: ci-info: |   lo   | True |           ::1/128           |       .       |  host  |         .         |
2026-03-07T09:38:09.076053+00:00 ubuntu-server-lab cloud-init[755]: ci-info: +--------+------+-----------------------------+---------------+--------+-------------------+
2026-03-07T09:38:09.076058+00:00 ubuntu-server-lab cloud-init[755]: ci-info: +++++++++++++++++++++++++++Route IPv4 info++++++++++++++++++++++++++++
2026-03-07T09:38:09.076062+00:00 ubuntu-server-lab cloud-init[755]: ci-info: +-------+--------------+---------+---------------+-----------+-------+
2026-03-07T09:38:09.076067+00:00 ubuntu-server-lab cloud-init[755]: ci-info: | Route | Destination  | Gateway |    Genmask    | Interface | Flags |
2026-03-07T09:38:09.076075+00:00 ubuntu-server-lab cloud-init[755]: ci-info: +-------+--------------+---------+---------------+-----------+-------+
2026-03-07T09:38:09.076080+00:00 ubuntu-server-lab cloud-init[755]: ci-info: |   0   | 192.168.56.0 | 0.0.0.0 | 255.255.255.0 |   enp0s3  |   U   |
2026-03-07T09:38:09.076085+00:00 ubuntu-server-lab cloud-init[755]: ci-info: +-------+--------------+---------+---------------+-----------+-------+
2026-03-07T09:38:09.076089+00:00 ubuntu-server-lab cloud-init[755]: ci-info: +++++++++++++++++++Route IPv6 info+++++++++++++++++++
2026-03-07T09:38:09.076094+00:00 ubuntu-server-lab cloud-init[755]: ci-info: +-------+-------------+---------+-----------+-------+
2026-03-07T09:38:09.076099+00:00 ubuntu-server-lab cloud-init[755]: ci-info: | Route | Destination | Gateway | Interface | Flags |
2026-03-07T09:38:09.076107+00:00 ubuntu-server-lab cloud-init[755]: ci-info: +-------+-------------+---------+-----------+-------+
2026-03-07T09:38:09.076111+00:00 ubuntu-server-lab cloud-init[755]: ci-info: |   0   |  fe80::/64  |    ::   |   enp0s3  |   U   |
2026-03-07T09:38:09.076116+00:00 ubuntu-server-lab cloud-init[755]: ci-info: |   2   |    local    |    ::   |   enp0s3  |   U   |
2026-03-07T09:38:09.076121+00:00 ubuntu-server-lab cloud-init[755]: ci-info: |   3   |  multicast  |    ::   |   enp0s3  |   U   |
2026-03-07T09:38:09.076126+00:00 ubuntu-server-lab cloud-init[755]: ci-info: +-------+-------------+---------+-----------+-------+
2026-03-07T09:38:09.076131+00:00 ubuntu-server-lab systemd[1]: Reloading requested from client PID 767 ('systemctl') (unit cloud-init.service)...
2026-03-07T09:38:09.076136+00:00 ubuntu-server-lab systemd[1]: Reloading...
2026-03-07T09:38:09.076144+00:00 ubuntu-server-lab systemd[1]: Reloading finished in 778 ms.
2026-03-07T09:38:09.076149+00:00 ubuntu-server-lab systemd[1]: netplan-ovs-cleanup.service - OpenVSwitch configuration for cleanup was skipped because of an unmet condition check (ConditionFileIsExecutable=/usr/bin/ovs-vsctl).
2026-03-07T09:38:09.076157+00:00 ubuntu-server-lab systemd[1]: systemd-networkd-wait-online.service: Deactivated successfully.
2026-03-07T09:38:09.076162+00:00 ubuntu-server-lab systemd[1]: Stopped systemd-networkd-wait-online.service - Wait for Network to be Configured.
2026-03-07T09:38:09.076166+00:00 ubuntu-server-lab systemd[1]: Stopping systemd-networkd-wait-online.service - Wait for Network to be Configured...
2026-03-07T09:38:09.076171+00:00 ubuntu-server-lab systemd[1]: Stopping systemd-networkd.service - Network Configuration...
2026-03-07T09:38:09.076179+00:00 ubuntu-server-lab systemd-timesyncd[569]: Network configuration changed, trying to establish connection.
2026-03-07T09:38:09.076184+00:00 ubuntu-server-lab systemd[1]: systemd-networkd.service: Deactivated successfully.
2026-03-07T09:38:09.076188+00:00 ubuntu-server-lab systemd[1]: Stopped systemd-networkd.service - Network Configuration.
2026-03-07T09:38:09.076193+00:00 ubuntu-server-lab systemd[1]: Starting systemd-networkd.service - Network Configuration...
2026-03-07T09:38:09.076197+00:00 ubuntu-server-lab systemd-networkd[820]: lo: Link UP
2026-03-07T09:38:09.076202+00:00 ubuntu-server-lab systemd-networkd[820]: lo: Gained carrier
2026-03-07T09:38:09.076210+00:00 ubuntu-server-lab systemd-networkd[820]: enp0s3: Link UP
2026-03-07T09:38:09.076215+00:00 ubuntu-server-lab systemd-networkd[820]: enp0s3: Gained carrier
2026-03-07T09:38:09.076223+00:00 ubuntu-server-lab systemd-networkd[820]: enp0s3: Gained IPv6LL
2026-03-07T09:38:09.076228+00:00 ubuntu-server-lab systemd-networkd[820]: Enumeration completed
2026-03-07T09:38:09.076232+00:00 ubuntu-server-lab systemd-timesyncd[569]: Network configuration changed, trying to establish connection.
2026-03-07T09:38:09.076237+00:00 ubuntu-server-lab systemd[1]: Started systemd-networkd.service - Network Configuration.
2026-03-07T09:38:09.076242+00:00 ubuntu-server-lab systemd-networkd[820]: enp0s3: Configuring with /run/systemd/network/10-netplan-enp0s3.network.
2026-03-07T09:38:09.076250+00:00 ubuntu-server-lab systemd-timesyncd[569]: Network configuration changed, trying to establish connection.
2026-03-07T09:38:09.076254+00:00 ubuntu-server-lab systemd-timesyncd[569]: Network configuration changed, trying to establish connection.
2026-03-07T09:38:09.076261+00:00 ubuntu-server-lab systemd[1]: Starting systemd-networkd-wait-online.service - Wait for Network to be Configured...
2026-03-07T09:38:09.076269+00:00 ubuntu-server-lab systemd[1]: netplan-ovs-cleanup.service - OpenVSwitch configuration for cleanup was skipped because of an unmet condition check (ConditionFileIsExecutable=/usr/bin/ovs-vsctl).
2026-03-07T09:38:09.076274+00:00 ubuntu-server-lab systemd-networkd[820]: enp0s3: DHCPv4 address 192.168.56.101/24 acquired from 192.168.56.100
2026-03-07T09:38:09.076282+00:00 ubuntu-server-lab systemd-timesyncd[569]: Network configuration changed, trying to establish connection.
2026-03-07T09:38:09.076286+00:00 ubuntu-server-lab systemd-timesyncd[569]: Network configuration changed, trying to establish connection.
2026-03-07T09:38:09.076293+00:00 ubuntu-server-lab systemd[1]: Finished systemd-networkd-wait-online.service - Wait for Network to be Configured.
2026-03-07T09:38:09.076304+00:00 ubuntu-server-lab cloud-init[755]: Generating public/private rsa key pair.
2026-03-07T09:38:09.076312+00:00 ubuntu-server-lab cloud-init[755]: Your identification has been saved in /etc/ssh/ssh_host_rsa_key
2026-03-07T09:38:09.076317+00:00 ubuntu-server-lab cloud-init[755]: Your public key has been saved in /etc/ssh/ssh_host_rsa_key.pub
2026-03-07T09:38:09.076322+00:00 ubuntu-server-lab cloud-init[755]: The key fingerprint is:
2026-03-07T09:38:09.076327+00:00 ubuntu-server-lab cloud-init[755]: SHA256:cbDS7VQFdFJ3eblyZ+Gd74gw+fKxTgCi3ztjYhJM9Tw root@ubuntu-server-lab
2026-03-07T09:38:09.076331+00:00 ubuntu-server-lab cloud-init[755]: The key's randomart image is:
2026-03-07T09:38:09.076336+00:00 ubuntu-server-lab cloud-init[755]: +---[RSA 3072]----+
2026-03-07T09:38:09.076343+00:00 ubuntu-server-lab cloud-init[755]: |        .  .=++ =|
2026-03-07T09:38:09.076348+00:00 ubuntu-server-lab cloud-init[755]: |      .. + . o =o|
2026-03-07T09:38:09.076352+00:00 ubuntu-server-lab cloud-init[755]: |     .oo= +   . *|
2026-03-07T09:38:09.076357+00:00 ubuntu-server-lab cloud-init[755]: |    .. oE*   . =+|
2026-03-07T09:38:09.076362+00:00 ubuntu-server-lab cloud-init[755]: |   o.   S.o.  o.o|
2026-03-07T09:38:09.076367+00:00 ubuntu-server-lab cloud-init[755]: |    o. .  +.    .|
2026-03-07T09:38:09.076371+00:00 ubuntu-server-lab cloud-init[755]: |     .. .  +o. o |
2026-03-07T09:38:09.076380+00:00 ubuntu-server-lab cloud-init[755]: |    . o +...oo. .|
2026-03-07T09:38:09.076385+00:00 ubuntu-server-lab cloud-init[755]: |     o o.o ++    |
2026-03-07T09:38:09.076389+00:00 ubuntu-server-lab cloud-init[755]: +----[SHA256]-----+
2026-03-07T09:38:09.078409+00:00 ubuntu-server-lab kernel: usb usb1: New USB device strings: Mfr=3, Product=2, SerialNumber=1
2026-03-07T09:38:09.078420+00:00 ubuntu-server-lab kernel: usb usb1: Product: OHCI PCI host controller
2026-03-07T09:38:09.078421+00:00 ubuntu-server-lab kernel: usb usb1: Manufacturer: Linux 6.8.0-100-generic ohci_hcd
2026-03-07T09:38:09.078421+00:00 ubuntu-server-lab kernel: usb usb1: SerialNumber: 0000:00:06.0
2026-03-07T09:38:09.078422+00:00 ubuntu-server-lab kernel: hub 1-0:1.0: USB hub found
2026-03-07T09:38:09.078423+00:00 ubuntu-server-lab kernel: hub 1-0:1.0: 12 ports detected
2026-03-07T09:38:09.078423+00:00 ubuntu-server-lab kernel: i8042: PNP: PS/2 Controller [PNP0303:PS2K,PNP0f03:PS2M] at 0x60,0x64 irq 1,12
2026-03-07T09:38:09.078424+00:00 ubuntu-server-lab kernel: ehci-pci 0000:00:0b.0: EHCI Host Controller
2026-03-07T09:38:09.078424+00:00 ubuntu-server-lab kernel: ehci-pci 0000:00:0b.0: new USB bus registered, assigned bus number 2
2026-03-07T09:38:09.078425+00:00 ubuntu-server-lab kernel: ehci-pci 0000:00:0b.0: irq 19, io mem 0xf0805000
2026-03-07T09:38:09.078426+00:00 ubuntu-server-lab kernel: serio: i8042 KBD port at 0x60,0x64 irq 1
2026-03-07T09:38:09.078426+00:00 ubuntu-server-lab kernel: serio: i8042 AUX port at 0x60,0x64 irq 12
2026-03-07T09:38:09.078427+00:00 ubuntu-server-lab kernel: mousedev: PS/2 mouse device common for all mice
2026-03-07T09:38:09.078427+00:00 ubuntu-server-lab kernel: input: AT Translated Set 2 keyboard as /devices/platform/i8042/serio0/input/input2
2026-03-07T09:38:09.078428+00:00 ubuntu-server-lab kernel: rtc_cmos rtc_cmos: registered as rtc0
2026-03-07T09:38:09.078428+00:00 ubuntu-server-lab kernel: rtc_cmos rtc_cmos: setting system clock to 2026-03-07T09:37:27 UTC (1772876247)
2026-03-07T09:38:09.078429+00:00 ubuntu-server-lab kernel: rtc_cmos rtc_cmos: alarms up to one day, 114 bytes nvram
2026-03-07T09:38:09.078430+00:00 ubuntu-server-lab kernel: ehci-pci 0000:00:0b.0: USB 2.0 started, EHCI 1.00
2026-03-07T09:38:09.078430+00:00 ubuntu-server-lab kernel: usb usb2: New USB device found, idVendor=1d6b, idProduct=0002, bcdDevice= 6.08
2026-03-07T09:38:09.078431+00:00 ubuntu-server-lab kernel: usb usb2: New USB device strings: Mfr=3, Product=2, SerialNumber=1
2026-03-07T09:38:09.078431+00:00 ubuntu-server-lab kernel: usb usb2: Product: EHCI Host Controller
2026-03-07T09:38:09.078432+00:00 ubuntu-server-lab kernel: usb usb2: Manufacturer: Linux 6.8.0-100-generic ehci_hcd
2026-03-07T09:38:09.078432+00:00 ubuntu-server-lab kernel: usb usb2: SerialNumber: 0000:00:0b.0
2026-03-07T09:38:09.078433+00:00 ubuntu-server-lab kernel: i2c_dev: i2c /dev entries driver
2026-03-07T09:38:09.078433+00:00 ubuntu-server-lab kernel: device-mapper: core: CONFIG_IMA_DISABLE_HTABLE is disabled. Duplicate IMA measurements will not be recorded in the IMA log.
2026-03-07T09:38:09.078434+00:00 ubuntu-server-lab kernel: device-mapper: uevent: version 1.0.3
2026-03-07T09:38:09.078434+00:00 ubuntu-server-lab kernel: device-mapper: ioctl: 4.48.0-ioctl (2023-03-01) initialised: dm-devel@redhat.com
2026-03-07T09:38:09.078435+00:00 ubuntu-server-lab kernel: amd_pstate: the _CPC object is not present in SBIOS or ACPI disabled
2026-03-07T09:38:09.078435+00:00 ubuntu-server-lab kernel: ledtrig-cpu: registered to indicate activity on CPUs
2026-03-07T09:38:09.078436+00:00 ubuntu-server-lab kernel: drop_monitor: Initializing network drop monitor service
2026-03-07T09:38:09.078436+00:00 ubuntu-server-lab kernel: NET: Registered PF_INET6 protocol family
2026-03-07T09:38:09.078437+00:00 ubuntu-server-lab kernel: hub 2-0:1.0: USB hub found
2026-03-07T09:38:09.078437+00:00 ubuntu-server-lab kernel: hub 2-0:1.0: 12 ports detected
2026-03-07T09:38:09.078438+00:00 ubuntu-server-lab kernel: ata1.00: ATAPI: VBOX CD-ROM, 1.0, max UDMA/133
2026-03-07T09:38:09.078438+00:00 ubuntu-server-lab kernel: scsi 0:0:0:0: CD-ROM            VBOX     CD-ROM           1.0  PQ: 0 ANSI: 5
2026-03-07T09:38:09.078439+00:00 ubuntu-server-lab kernel: sr 0:0:0:0: [sr0] scsi3-mmc drive: 32x/32x xa/form2 tray
2026-03-07T09:38:09.078439+00:00 ubuntu-server-lab kernel: cdrom: Uniform CD-ROM driver Revision: 3.20
2026-03-07T09:38:09.078440+00:00 ubuntu-server-lab kernel: sr 0:0:0:0: Attached scsi CD-ROM sr0
2026-03-07T09:38:09.078440+00:00 ubuntu-server-lab kernel: sr 0:0:0:0: Attached scsi generic sg0 type 5
2026-03-07T09:38:09.078441+00:00 ubuntu-server-lab kernel: Freeing initrd memory: 72920K
2026-03-07T09:38:09.078441+00:00 ubuntu-server-lab kernel: Segment Routing with IPv6
2026-03-07T09:38:09.078442+00:00 ubuntu-server-lab kernel: In-situ OAM (IOAM) with IPv6
2026-03-07T09:38:09.078442+00:00 ubuntu-server-lab kernel: NET: Registered PF_PACKET protocol family
2026-03-07T09:38:09.078443+00:00 ubuntu-server-lab kernel: Key type dns_resolver registered
2026-03-07T09:38:09.078443+00:00 ubuntu-server-lab kernel: IPI shorthand broadcast: enabled
2026-03-07T09:38:09.078444+00:00 ubuntu-server-lab kernel: sched_clock: Marking stable (1095124466, 51758358)->(1210862120, -63979296)
2026-03-07T09:38:09.078444+00:00 ubuntu-server-lab kernel: registered taskstats version 1
2026-03-07T09:38:09.078445+00:00 ubuntu-server-lab kernel: Loading compiled-in X.509 certificates
2026-03-07T09:38:09.078445+00:00 ubuntu-server-lab kernel: Loaded X.509 cert 'Build time autogenerated kernel key: 92f61851d2775f21569a0b719e9f310101092aa9'
2026-03-07T09:38:09.078446+00:00 ubuntu-server-lab kernel: Loaded X.509 cert 'Canonical Ltd. Live Patch Signing 2025 Kmod: d541cef61dc7e793b7eb7e899970a2eef0b5dc8c'
2026-03-07T09:38:09.078446+00:00 ubuntu-server-lab kernel: Loaded X.509 cert 'Canonical Ltd. Live Patch Signing: 14df34d1a87cf37625abec039ef2bf521249b969'
2026-03-07T09:38:09.078447+00:00 ubuntu-server-lab kernel: Loaded X.509 cert 'Canonical Ltd. Kernel Module Signing: 88f752e560a1e0737e31163a466ad7b70a850c19'
2026-03-07T09:38:09.078447+00:00 ubuntu-server-lab kernel: blacklist: Loading compiled-in revocation X.509 certificates
2026-03-07T09:38:09.078448+00:00 ubuntu-server-lab kernel: Loaded X.509 cert 'Canonical Ltd. Secure Boot Signing: 61482aa2830d0ab2ad5af10b7250da9033ddcef0'
2026-03-07T09:38:09.078448+00:00 ubuntu-server-lab kernel: Loaded X.509 cert 'Canonical Ltd. Secure Boot Signing (2017): 242ade75ac4a15e50d50c84b0d45ff3eae707a03'
2026-03-07T09:38:09.078449+00:00 ubuntu-server-lab kernel: Loaded X.509 cert 'Canonical Ltd. Secure Boot Signing (ESM 2018): 365188c1d374d6b07c3c8f240f8ef722433d6a8b'
2026-03-07T09:38:09.078449+00:00 ubuntu-server-lab kernel: Loaded X.509 cert 'Canonical Ltd. Secure Boot Signing (2019): c0746fd6c5da3ae827864651ad66ae47fe24b3e8'
2026-03-07T09:38:09.078450+00:00 ubuntu-server-lab kernel: Loaded X.509 cert 'Canonical Ltd. Secure Boot Signing (2021 v1): a8d54bbb3825cfb94fa13c9f8a594a195c107b8d'
2026-03-07T09:38:09.078450+00:00 ubuntu-server-lab kernel: Loaded X.509 cert 'Canonical Ltd. Secure Boot Signing (2021 v2): 4cf046892d6fd3c9a5b03f98d845f90851dc6a8c'
2026-03-07T09:38:09.078451+00:00 ubuntu-server-lab kernel: Loaded X.509 cert 'Canonical Ltd. Secure Boot Signing (2021 v3): 100437bb6de6e469b581e61cd66bce3ef4ed53af'
2026-03-07T09:38:09.078451+00:00 ubuntu-server-lab kernel: Loaded X.509 cert 'Canonical Ltd. Secure Boot Signing (Ubuntu Core 2019): c1d57b8f6b743f23ee41f4f7ee292f06eecadfb9'
2026-03-07T09:38:09.078452+00:00 ubuntu-server-lab kernel: Key type .fscrypt registered
2026-03-07T09:38:09.078452+00:00 ubuntu-server-lab kernel: Key type fscrypt-provisioning registered
2026-03-07T09:38:09.078453+00:00 ubuntu-server-lab kernel: cryptd: max_cpu_qlen set to 1000
2026-03-07T09:38:09.078453+00:00 ubuntu-server-lab kernel: AVX2 version of gcm_enc/dec engaged.
2026-03-07T09:38:09.078454+00:00 ubuntu-server-lab kernel: AES CTR mode by8 optimization enabled
2026-03-07T09:38:09.078454+00:00 ubuntu-server-lab kernel: usb 1-1: new full-speed USB device number 2 using ohci-pci
2026-03-07T09:38:09.078455+00:00 ubuntu-server-lab kernel: Key type encrypted registered
2026-03-07T09:38:09.078455+00:00 ubuntu-server-lab kernel: AppArmor: AppArmor sha256 policy hashing enabled
2026-03-07T09:38:09.078456+00:00 ubuntu-server-lab kernel: ima: No TPM chip found, activating TPM-bypass!
2026-03-07T09:38:09.078456+00:00 ubuntu-server-lab kernel: Loading compiled-in module X.509 certificates
2026-03-07T09:38:09.078457+00:00 ubuntu-server-lab kernel: Loaded X.509 cert 'Build time autogenerated kernel key: 92f61851d2775f21569a0b719e9f310101092aa9'
2026-03-07T09:38:09.078457+00:00 ubuntu-server-lab kernel: ima: Allocated hash algorithm: sha256
2026-03-07T09:38:09.078457+00:00 ubuntu-server-lab kernel: ima: No architecture policies found
2026-03-07T09:38:09.078458+00:00 ubuntu-server-lab kernel: evm: Initialising EVM extended attributes:
2026-03-07T09:38:09.078458+00:00 ubuntu-server-lab kernel: evm: security.selinux
2026-03-07T09:38:09.078459+00:00 ubuntu-server-lab kernel: evm: security.SMACK64
2026-03-07T09:38:09.078459+00:00 ubuntu-server-lab kernel: evm: security.SMACK64EXEC
2026-03-07T09:38:09.078460+00:00 ubuntu-server-lab kernel: evm: security.SMACK64TRANSMUTE
2026-03-07T09:38:09.078460+00:00 ubuntu-server-lab kernel: evm: security.SMACK64MMAP
2026-03-07T09:38:09.078461+00:00 ubuntu-server-lab kernel: evm: security.apparmor
2026-03-07T09:38:09.082371+00:00 ubuntu-server-lab cloud-init[755]: Generating public/private ecdsa key pair.
2026-03-07T09:38:09.082412+00:00 ubuntu-server-lab cloud-init[755]: Your identification has been saved in /etc/ssh/ssh_host_ecdsa_key
2026-03-07T09:38:09.082418+00:00 ubuntu-server-lab cloud-init[755]: Your public key has been saved in /etc/ssh/ssh_host_ecdsa_key.pub
2026-03-07T09:38:09.082424+00:00 ubuntu-server-lab cloud-init[755]: The key fingerprint is:
2026-03-07T09:38:09.082429+00:00 ubuntu-server-lab cloud-init[755]: SHA256:8e2j0CbeCqrH/kQWvJHcIhxFf6qLLqUT1CECd0FQKaI root@ubuntu-server-lab
2026-03-07T09:38:09.082433+00:00 ubuntu-server-lab cloud-init[755]: The key's randomart image is:
2026-03-07T09:38:09.082439+00:00 ubuntu-server-lab cloud-init[755]: +---[ECDSA 256]---+
2026-03-07T09:38:09.082444+00:00 ubuntu-server-lab cloud-init[755]: |o o+*=o          |
2026-03-07T09:38:09.082449+00:00 ubuntu-server-lab cloud-init[755]: |o.ooo+ +         |
2026-03-07T09:38:09.082454+00:00 ubuntu-server-lab cloud-init[755]: |.o +o.B + .      |
2026-03-07T09:38:09.082458+00:00 ubuntu-server-lab cloud-init[755]: |E . .. = = .     |
2026-03-07T09:38:09.082463+00:00 ubuntu-server-lab cloud-init[755]: | .    + S . .    |
2026-03-07T09:38:09.082467+00:00 ubuntu-server-lab cloud-init[755]: |  . .o . . .     |
2026-03-07T09:38:09.082473+00:00 ubuntu-server-lab cloud-init[755]: |   =  + o o o    |
2026-03-07T09:38:09.082477+00:00 ubuntu-server-lab cloud-init[755]: |  + o+ + = . .   |
2026-03-07T09:38:09.082482+00:00 ubuntu-server-lab cloud-init[755]: |  .B=.o o.o      |
2026-03-07T09:38:09.082487+00:00 ubuntu-server-lab cloud-init[755]: +----[SHA256]-----+
2026-03-07T09:38:09.082492+00:00 ubuntu-server-lab cloud-init[755]: Generating public/private ed25519 key pair.
2026-03-07T09:38:09.082496+00:00 ubuntu-server-lab cloud-init[755]: Your identification has been saved in /etc/ssh/ssh_host_ed25519_key
2026-03-07T09:38:09.082501+00:00 ubuntu-server-lab cloud-init[755]: Your public key has been saved in /etc/ssh/ssh_host_ed25519_key.pub
2026-03-07T09:38:09.082506+00:00 ubuntu-server-lab cloud-init[755]: The key fingerprint is:
2026-03-07T09:38:09.082510+00:00 ubuntu-server-lab cloud-init[755]: SHA256:s8QB823kU8btfQDdoBTPIaDac/rJ4OKs0vg7SdP+T+o root@ubuntu-server-lab
2026-03-07T09:38:09.082515+00:00 ubuntu-server-lab cloud-init[755]: The key's randomart image is:
2026-03-07T09:38:09.082520+00:00 ubuntu-server-lab cloud-init[755]: +--[ED25519 256]--+
2026-03-07T09:38:09.082524+00:00 ubuntu-server-lab cloud-init[755]: |      o   ooB=oo |
2026-03-07T09:38:09.082529+00:00 ubuntu-server-lab cloud-init[755]: |       + = +.=+..|
2026-03-07T09:38:09.082534+00:00 ubuntu-server-lab cloud-init[755]: |        + = ..oo |
2026-03-07T09:38:09.082538+00:00 ubuntu-server-lab cloud-init[755]: |       + o .  . o|
2026-03-07T09:38:09.082544+00:00 ubuntu-server-lab cloud-init[755]: |     .. S .     .|
2026-03-07T09:38:09.082548+00:00 ubuntu-server-lab cloud-init[755]: |    o .. *       |
2026-03-07T09:38:09.082553+00:00 ubuntu-server-lab cloud-init[755]: |   + +  + .      |
2026-03-07T09:38:09.082558+00:00 ubuntu-server-lab cloud-init[755]: |  o +.o. * .     |
2026-03-07T09:38:09.082562+00:00 ubuntu-server-lab cloud-init[755]: |   o+=o+E.=      |
2026-03-07T09:38:09.082823+00:00 ubuntu-server-lab cloud-init[755]: +----[SHA256]-----+
2026-03-07T09:38:09.082831+00:00 ubuntu-server-lab systemd[1]: Finished cloud-init.service - Cloud-init: Network Stage.
2026-03-07T09:38:09.082838+00:00 ubuntu-server-lab systemd[1]: Reached target cloud-config.target - Cloud-config availability.
2026-03-07T09:38:09.082843+00:00 ubuntu-server-lab systemd[1]: Reached target network-online.target - Network is Online.
2026-03-07T09:38:09.082848+00:00 ubuntu-server-lab systemd[1]: Reached target sysinit.target - System Initialization.
2026-03-07T09:38:09.082853+00:00 ubuntu-server-lab systemd[1]: apport-autoreport.path - Process error reports when automatic reporting is enabled (file watch) was skipped because of an unmet condition check (ConditionPathExists=/var/lib/apport/autoreport).
2026-03-07T09:38:09.082858+00:00 ubuntu-server-lab systemd[1]: tpm-udev.path - Handle dynamically added tpm devices was skipped because of an unmet condition check (ConditionVirtualization=container).
2026-03-07T09:38:09.082862+00:00 ubuntu-server-lab systemd[1]: apport-autoreport.timer - Process error reports when automatic reporting is enabled (timer based) was skipped because of an unmet condition check (ConditionPathExists=/var/lib/apport/autoreport).
2026-03-07T09:38:09.082867+00:00 ubuntu-server-lab systemd[1]: Started apt-daily.timer - Daily apt download activities.
2026-03-07T09:38:09.082872+00:00 ubuntu-server-lab systemd[1]: Started apt-daily-upgrade.timer - Daily apt upgrade and clean activities.
2026-03-07T09:38:09.082877+00:00 ubuntu-server-lab systemd[1]: Started dpkg-db-backup.timer - Daily dpkg database backup timer.
2026-03-07T09:38:09.082882+00:00 ubuntu-server-lab systemd[1]: Started e2scrub_all.timer - Periodic ext4 Online Metadata Check for All Filesystems.
2026-03-07T09:38:09.082887+00:00 ubuntu-server-lab systemd[1]: Started fstrim.timer - Discard unused filesystem blocks once a week.
2026-03-07T09:38:09.082891+00:00 ubuntu-server-lab systemd[1]: Started fwupd-refresh.timer - Refresh fwupd metadata regularly.
2026-03-07T09:38:09.082896+00:00 ubuntu-server-lab systemd[1]: Started logrotate.timer - Daily rotation of log files.
2026-03-07T09:38:09.082901+00:00 ubuntu-server-lab systemd[1]: Started man-db.timer - Daily man-db regeneration.
2026-03-07T09:38:09.082906+00:00 ubuntu-server-lab systemd[1]: Started motd-news.timer - Message of the Day.
2026-03-07T09:38:09.082912+00:00 ubuntu-server-lab systemd[1]: snapd.snap-repair.timer - Timer to automatically fetch and run repair assertions was skipped because no trigger condition checks were met.
2026-03-07T09:38:09.082917+00:00 ubuntu-server-lab systemd[1]: Started sysstat-collect.timer - Run system activity accounting tool every 10 minutes.
2026-03-07T09:38:09.082923+00:00 ubuntu-server-lab systemd[1]: Started sysstat-summary.timer - Generate summary of yesterday's process accounting.
2026-03-07T09:38:09.082928+00:00 ubuntu-server-lab systemd[1]: Started systemd-tmpfiles-clean.timer - Daily Cleanup of Temporary Directories.
2026-03-07T09:38:09.082933+00:00 ubuntu-server-lab systemd[1]: ua-timer.timer - Ubuntu Pro Timer for running repeated jobs was skipped because of an unmet condition check (ConditionPathExists=/var/lib/ubuntu-advantage/private/machine-token.json).
2026-03-07T09:38:09.082938+00:00 ubuntu-server-lab systemd[1]: Started update-notifier-download.timer - Download data for packages that failed at package install time.
2026-03-07T09:38:09.082942+00:00 ubuntu-server-lab systemd[1]: Started update-notifier-motd.timer - Check to see whether there is a new version of Ubuntu available.
2026-03-07T09:38:09.082947+00:00 ubuntu-server-lab systemd[1]: Reached target paths.target - Path Units.
2026-03-07T09:38:09.082951+00:00 ubuntu-server-lab systemd[1]: Reached target timers.target - Timer Units.
2026-03-07T09:38:09.082956+00:00 ubuntu-server-lab systemd[1]: apport-forward.socket - Unix socket for apport crash forwarding was skipped because of an unmet condition check (ConditionVirtualization=container).
2026-03-07T09:38:09.082960+00:00 ubuntu-server-lab systemd[1]: Listening on cloud-init-hotplugd.socket - cloud-init hotplug hook socket.
2026-03-07T09:38:09.082965+00:00 ubuntu-server-lab systemd[1]: Listening on dbus.socket - D-Bus System Message Bus Socket.
2026-03-07T09:38:09.082969+00:00 ubuntu-server-lab systemd[1]: Listening on iscsid.socket - Open-iSCSI iscsid Socket.
2026-03-07T09:38:09.082974+00:00 ubuntu-server-lab systemd[1]: Starting lxd-installer.socket - Helper to install lxd snap on demand...
2026-03-07T09:38:09.082979+00:00 ubuntu-server-lab systemd[1]: Starting snapd.socket - Socket activation for snappy daemon...
2026-03-07T09:38:09.082983+00:00 ubuntu-server-lab systemd[1]: Listening on uuidd.socket - UUID daemon activation socket.
2026-03-07T09:38:09.082988+00:00 ubuntu-server-lab systemd[1]: open-iscsi.service - Login to default iSCSI targets was skipped because no trigger condition checks were met.
2026-03-07T09:38:09.082993+00:00 ubuntu-server-lab systemd[1]: Reached target remote-fs-pre.target - Preparation for Remote File Systems.
2026-03-07T09:38:09.082998+00:00 ubuntu-server-lab systemd[1]: Reached target remote-fs.target - Remote File Systems.
2026-03-07T09:38:09.083003+00:00 ubuntu-server-lab systemd[1]: Finished blk-availability.service - Availability of block devices.
2026-03-07T09:38:09.083008+00:00 ubuntu-server-lab systemd[1]: systemd-pcrphase-sysinit.service - TPM2 PCR Barrier (Initialization) was skipped because of an unmet condition check (ConditionSecurity=measured-uki).
2026-03-07T09:38:09.083012+00:00 ubuntu-server-lab systemd[1]: Listening on lxd-installer.socket - Helper to install lxd snap on demand.
2026-03-07T09:38:09.083017+00:00 ubuntu-server-lab systemd[1]: Listening on snapd.socket - Socket activation for snappy daemon.
2026-03-07T09:38:09.083021+00:00 ubuntu-server-lab systemd[1]: Reached target sockets.target - Socket Units.
2026-03-07T09:38:09.083026+00:00 ubuntu-server-lab systemd[1]: Reached target basic.target - Basic System.
2026-03-07T09:38:09.083030+00:00 ubuntu-server-lab systemd[1]: Starting apport.service - automatic crash report generation...
2026-03-07T09:38:09.083035+00:00 ubuntu-server-lab systemd[1]: Starting cloud-config.service - Cloud-init: Config Stage...
2026-03-07T09:38:09.083039+00:00 ubuntu-server-lab systemd[1]: Started cron.service - Regular background program processing daemon.
2026-03-07T09:38:09.083047+00:00 ubuntu-server-lab systemd[1]: Starting dbus.service - D-Bus System Message Bus...
2026-03-07T09:38:09.083051+00:00 ubuntu-server-lab systemd[1]: Started dmesg.service - Save initial kernel messages after boot.
2026-03-07T09:38:09.083056+00:00 ubuntu-server-lab (cron)[841]: cron.service: Referenced but unset environment variable evaluates to an empty string: EXTRA_OPTS
2026-03-07T09:38:09.083060+00:00 ubuntu-server-lab cron[841]: (CRON) INFO (pidfile fd = 3)
2026-03-07T09:38:09.083065+00:00 ubuntu-server-lab systemd[1]: Starting e2scrub_reap.service - Remove Stale Online ext4 Metadata Check Snapshots...
2026-03-07T09:38:09.083070+00:00 ubuntu-server-lab systemd[1]: getty-static.service - getty on tty2-tty6 if dbus and logind are not available was skipped because of an unmet condition check (ConditionPathExists=!/usr/bin/dbus-daemon).
2026-03-07T09:38:09.083075+00:00 ubuntu-server-lab systemd[1]: Starting grub-common.service - Record successful boot for GRUB...
2026-03-07T09:38:09.083083+00:00 ubuntu-server-lab cron[841]: (CRON) INFO (Running @reboot jobs)
2026-03-07T09:38:09.083087+00:00 ubuntu-server-lab systemd[1]: networkd-dispatcher.service - Dispatcher daemon for systemd-networkd was skipped because no trigger condition checks were met.
2026-03-07T09:38:09.083092+00:00 ubuntu-server-lab systemd[1]: Starting polkit.service - Authorization Manager...
2026-03-07T09:38:09.083097+00:00 ubuntu-server-lab systemd[1]: Starting pollinate.service - Pollinate to seed the pseudo random number generator...
2026-03-07T09:38:09.083102+00:00 ubuntu-server-lab systemd[1]: Starting rsyslog.service - System Logging Service...
2026-03-07T09:38:09.083106+00:00 ubuntu-server-lab dbus-daemon[842]: dbus[842]: Unknown group "power" in message bus configuration file
2026-03-07T09:38:09.083111+00:00 ubuntu-server-lab systemd[1]: secureboot-db.service - Secure Boot updates for DB and DBX was skipped because of an unmet condition check (ConditionPathExists=/sys/firmware/efi/efivars/db-d719b2cb-3d3a-4596-a3bc-dad00e67656f).
2026-03-07T09:38:09.083116+00:00 ubuntu-server-lab systemd[1]: snapd.core-fixup.service - Automatically repair incorrect owner/permissions on core devices was skipped because no trigger condition checks were met.
2026-03-07T09:38:09.083121+00:00 ubuntu-server-lab systemd[1]: snapd.recovery-chooser-trigger.service - Wait for the Ubuntu Core chooser trigger was skipped because of an unmet condition check (ConditionKernelCommandLine=snapd_recovery_mode).
2026-03-07T09:38:09.083126+00:00 ubuntu-server-lab systemd[1]: Reached target getty-pre.target - Preparation for Logins.
2026-03-07T09:38:09.083130+00:00 ubuntu-server-lab systemd[1]: Starting snapd.seeded.service - Wait until snapd is fully seeded...
2026-03-07T09:38:09.083135+00:00 ubuntu-server-lab systemd[1]: Starting snapd.service - Snap Daemon...
2026-03-07T09:38:09.083139+00:00 ubuntu-server-lab systemd[1]: Starting sysstat.service - Resets System Activity Logs...
2026-03-07T09:38:09.083211+00:00 ubuntu-server-lab systemd[1]: Starting systemd-logind.service - User Login Management...
2026-03-07T09:38:09.083506+00:00 ubuntu-server-lab systemd[1]: systemd-pcrphase.service - TPM2 PCR Barrier (User) was skipped because of an unmet condition check (ConditionSecurity=measured-uki).
2026-03-07T09:38:09.083512+00:00 ubuntu-server-lab systemd[1]: Starting systemd-user-sessions.service - Permit User Sessions...
2026-03-07T09:38:09.083517+00:00 ubuntu-server-lab systemd[1]: thermald.service - Thermal Daemon Service was skipped because of an unmet condition check (ConditionVirtualization=no).
2026-03-07T09:38:09.083522+00:00 ubuntu-server-lab systemd[1]: ua-reboot-cmds.service - Ubuntu Pro reboot cmds was skipped because of an unmet condition check (ConditionPathExists=/var/lib/ubuntu-advantage/private/machine-token.json).
2026-03-07T09:38:09.083527+00:00 ubuntu-server-lab systemd[1]: ubuntu-advantage.service - Ubuntu Pro Background Auto Attach was skipped because no trigger condition checks were met.
2026-03-07T09:38:09.083532+00:00 ubuntu-server-lab dbus-daemon[842]: [system] AppArmor D-Bus mediation is enabled
2026-03-07T09:38:09.083536+00:00 ubuntu-server-lab systemd[1]: Starting udisks2.service - Disk Manager...
2026-03-07T09:38:09.083541+00:00 ubuntu-server-lab systemd[1]: Started dbus.service - D-Bus System Message Bus.
2026-03-07T09:38:09.083545+00:00 ubuntu-server-lab systemd[1]: Finished systemd-user-sessions.service - Permit User Sessions.
2026-03-07T09:38:09.083550+00:00 ubuntu-server-lab systemd[1]: Starting plymouth-quit-wait.service - Hold until boot process finishes up...
2026-03-07T09:38:09.083554+00:00 ubuntu-server-lab systemd[1]: Starting plymouth-quit.service - Terminate Plymouth Boot Screen...
2026-03-07T09:38:09.083559+00:00 ubuntu-server-lab systemd[1]: Finished sysstat.service - Resets System Activity Logs.
2026-03-07T09:38:09.083563+00:00 ubuntu-server-lab systemd[1]: Finished plymouth-quit-wait.service - Hold until boot process finishes up.
2026-03-07T09:38:09.083568+00:00 ubuntu-server-lab systemd[1]: Starting setvtrgb.service - Set console scheme...
2026-03-07T09:38:09.083572+00:00 ubuntu-server-lab systemd[1]: Finished plymouth-quit.service - Terminate Plymouth Boot Screen.
2026-03-07T09:38:09.083578+00:00 ubuntu-server-lab systemd[1]: Finished setvtrgb.service - Set console scheme.
2026-03-07T09:38:09.083583+00:00 ubuntu-server-lab systemd[1]: Created slice system-getty.slice - Slice /system/getty.
2026-03-07T09:38:09.083587+00:00 ubuntu-server-lab systemd[1]: Started getty@tty1.service - Getty on tty1.
2026-03-07T09:38:09.083592+00:00 ubuntu-server-lab systemd[1]: Reached target getty.target - Login Prompts.
2026-03-07T09:38:09.083618+00:00 ubuntu-server-lab systemd[1]: Started systemd-logind.service - User Login Management.
2026-03-07T09:38:09.083623+00:00 ubuntu-server-lab systemd[1]: Started unattended-upgrades.service - Unattended Upgrades Shutdown.
2026-03-07T09:38:09.083628+00:00 ubuntu-server-lab systemd[1]: grub-common.service: Deactivated successfully.
2026-03-07T09:38:09.083632+00:00 ubuntu-server-lab systemd[1]: Finished grub-common.service - Record successful boot for GRUB.
2026-03-07T09:38:09.083637+00:00 ubuntu-server-lab systemd[1]: Starting grub-initrd-fallback.service - GRUB failed boot detection...
2026-03-07T09:38:09.083641+00:00 ubuntu-server-lab cloud-init[890]: Cloud-init v. 25.2-0ubuntu1~24.04.1 running 'modules:config' at Sat, 07 Mar 2026 09:38:07 +0000. Up 40.78 seconds.
2026-03-07T09:38:09.083646+00:00 ubuntu-server-lab polkitd[847]: Started polkitd version 124
2026-03-07T09:38:09.083651+00:00 ubuntu-server-lab systemd[1]: grub-initrd-fallback.service: Deactivated successfully.
2026-03-07T09:38:09.083655+00:00 ubuntu-server-lab systemd[1]: Finished grub-initrd-fallback.service - GRUB failed boot detection.
2026-03-07T09:38:09.083660+00:00 ubuntu-server-lab udisksd[856]: udisks daemon version 2.10.1 starting
2026-03-07T09:38:09.083712+00:00 ubuntu-server-lab pollinate[848]: client sent challenge to [https://entropy.ubuntu.com/]
2026-03-07T09:38:09.083738+00:00 ubuntu-server-lab systemd[1]: Started polkit.service - Authorization Manager.
2026-03-07T09:38:09.083743+00:00 ubuntu-server-lab systemd[1]: Starting ModemManager.service - Modem Manager...
2026-03-07T09:38:09.057100+00:00 ubuntu-server-lab systemd[1]: Started rsyslog.service - System Logging Service.
2026-03-07T09:38:09.066063+00:00 ubuntu-server-lab rsyslogd: imuxsock: Acquired UNIX socket '/run/systemd/journal/syslog' (fd 3) from systemd.  [v8.2312.0]
2026-03-07T09:38:09.066191+00:00 ubuntu-server-lab rsyslogd: rsyslogd's groupid changed to 104
2026-03-07T09:38:09.066234+00:00 ubuntu-server-lab rsyslogd: rsyslogd's userid changed to 103
2026-03-07T09:38:09.066266+00:00 ubuntu-server-lab rsyslogd: [origin software="rsyslogd" swVersion="8.2312.0" x-pid="870" x-info="https://www.rsyslog.com"] start
2026-03-07T09:38:09.083846+00:00 ubuntu-server-lab kernel: evm: security.ima
2026-03-07T09:38:09.083869+00:00 ubuntu-server-lab kernel: evm: security.capability
2026-03-07T09:38:09.083888+00:00 ubuntu-server-lab kernel: evm: HMAC attrs: 0x1
2026-03-07T09:38:09.083906+00:00 ubuntu-server-lab kernel: PM:   Magic number: 2:42:626
2026-03-07T09:38:09.083924+00:00 ubuntu-server-lab kernel: RAS: Correctable Errors collector initialized.
2026-03-07T09:38:09.083942+00:00 ubuntu-server-lab kernel: clk: Disabling unused clocks
2026-03-07T09:38:09.083960+00:00 ubuntu-server-lab kernel: Freeing unused decrypted memory: 2028K
2026-03-07T09:38:09.083978+00:00 ubuntu-server-lab kernel: Freeing unused kernel image (initmem) memory: 4920K
2026-03-07T09:38:09.083996+00:00 ubuntu-server-lab kernel: Write protecting the kernel read-only data: 38912k
2026-03-07T09:38:09.084013+00:00 ubuntu-server-lab kernel: Freeing unused kernel image (rodata/data gap) memory: 1984K
2026-03-07T09:38:09.084031+00:00 ubuntu-server-lab kernel: x86/mm: Checked W+X mappings: passed, no W+X pages found.
2026-03-07T09:38:09.084049+00:00 ubuntu-server-lab kernel: Run /init as init process
2026-03-07T09:38:09.084073+00:00 ubuntu-server-lab kernel:   with arguments:
2026-03-07T09:38:09.084091+00:00 ubuntu-server-lab kernel:     /init
2026-03-07T09:38:09.084108+00:00 ubuntu-server-lab kernel:   with environment:
2026-03-07T09:38:09.084126+00:00 ubuntu-server-lab kernel:     HOME=/
2026-03-07T09:38:09.084144+00:00 ubuntu-server-lab kernel:     TERM=linux
2026-03-07T09:38:09.084162+00:00 ubuntu-server-lab kernel:     BOOT_IMAGE=/vmlinuz-6.8.0-100-generic
2026-03-07T09:38:09.084179+00:00 ubuntu-server-lab kernel: usb 1-1: New USB device found, idVendor=80ee, idProduct=0021, bcdDevice= 1.00
2026-03-07T09:38:09.084300+00:00 ubuntu-server-lab kernel: usb 1-1: New USB device strings: Mfr=1, Product=3, SerialNumber=0
2026-03-07T09:38:09.084320+00:00 ubuntu-server-lab kernel: usb 1-1: Product: USB Tablet
2026-03-07T09:38:09.084338+00:00 ubuntu-server-lab kernel: usb 1-1: Manufacturer: VirtualBox
2026-03-07T09:38:09.084367+00:00 ubuntu-server-lab kernel: hid: raw HID events driver (C) Jiri Kosina
2026-03-07T09:38:09.084386+00:00 ubuntu-server-lab kernel: usbcore: registered new interface driver usbhid
2026-03-07T09:38:09.084404+00:00 ubuntu-server-lab kernel: usbhid: USB HID core driver
2026-03-07T09:38:09.084422+00:00 ubuntu-server-lab kernel: input: VirtualBox USB Tablet as /devices/pci0000:00/0000:00:06.0/usb1/1-1/1-1:1.0/0003:80EE:0021.0001/input/input4
2026-03-07T09:38:09.084441+00:00 ubuntu-server-lab kernel: hid-generic 0003:80EE:0021.0001: input,hidraw0: USB HID v1.10 Mouse [VirtualBox USB Tablet] on usb-0000:00:06.0-1/input0
2026-03-07T09:38:09.084460+00:00 ubuntu-server-lab kernel: ACPI: video: Video Device [GFX0] (multi-head: yes  rom: no  post: no)
2026-03-07T09:38:09.084478+00:00 ubuntu-server-lab kernel: input: Video Bus as /devices/LNXSYSTM:00/LNXSYBUS:00/PNP0A03:00/LNXVIDEO:00/input/input5
2026-03-07T09:38:09.084496+00:00 ubuntu-server-lab kernel: ahci 0000:00:0d.0: version 3.0
2026-03-07T09:38:09.084514+00:00 ubuntu-server-lab kernel: ahci 0000:00:0d.0: SSS flag set, parallel bus scan disabled
2026-03-07T09:38:09.084532+00:00 ubuntu-server-lab kernel: ahci 0000:00:0d.0: AHCI 0001.0100 32 slots 1 ports 3 Gbps 0x1 impl SATA mode
2026-03-07T09:38:09.084550+00:00 ubuntu-server-lab kernel: ahci 0000:00:0d.0: flags: 64bit ncq stag only ccc 
2026-03-07T09:38:09.084663+00:00 ubuntu-server-lab kernel: e1000: Intel(R) PRO/1000 Network Driver
2026-03-07T09:38:09.084682+00:00 ubuntu-server-lab kernel: e1000: Copyright (c) 1999-2006 Intel Corporation.
2026-03-07T09:38:09.084743+00:00 ubuntu-server-lab kernel: scsi host2: ahci
2026-03-07T09:38:09.084768+00:00 ubuntu-server-lab kernel: ata3: SATA max UDMA/133 abar m8192@0xf0806000 port 0xf0806100 irq 21 lpm-pol 0
2026-03-07T09:38:09.084786+00:00 ubuntu-server-lab kernel: input: ImExPS/2 Generic Explorer Mouse as /devices/platform/i8042/serio1/input/input6
2026-03-07T09:38:09.084804+00:00 ubuntu-server-lab kernel: ata3: SATA link up 3.0 Gbps (SStatus 123 SControl 300)
2026-03-07T09:38:09.084822+00:00 ubuntu-server-lab kernel: ata3.00: ATA-6: VBOX HARDDISK, 1.0, max UDMA/133
2026-03-07T09:38:09.084840+00:00 ubuntu-server-lab kernel: ata3.00: 52428800 sectors, multi 128: LBA48 NCQ (depth 32)
2026-03-07T09:38:09.084858+00:00 ubuntu-server-lab kernel: ata3.00: configured for UDMA/133
2026-03-07T09:38:09.084876+00:00 ubuntu-server-lab kernel: scsi 2:0:0:0: Direct-Access     ATA      VBOX HARDDISK    1.0  PQ: 0 ANSI: 5
2026-03-07T09:38:09.084894+00:00 ubuntu-server-lab kernel: sd 2:0:0:0: [sda] 52428800 512-byte logical blocks: (26.8 GB/25.0 GiB)
2026-03-07T09:38:09.084912+00:00 ubuntu-server-lab kernel: sd 2:0:0:0: Attached scsi generic sg1 type 0
2026-03-07T09:38:09.084957+00:00 ubuntu-server-lab kernel: sd 2:0:0:0: [sda] Write Protect is off
2026-03-07T09:38:09.084976+00:00 ubuntu-server-lab kernel: sd 2:0:0:0: [sda] Mode Sense: 00 3a 00 00
2026-03-07T09:38:09.084994+00:00 ubuntu-server-lab kernel: sd 2:0:0:0: [sda] Write cache: enabled, read cache: enabled, doesn't support DPO or FUA
2026-03-07T09:38:09.085012+00:00 ubuntu-server-lab kernel: sd 2:0:0:0: [sda] Preferred minimum I/O size 512 bytes
2026-03-07T09:38:09.085039+00:00 ubuntu-server-lab kernel:  sda: sda1 sda2 sda3
2026-03-07T09:38:09.085057+00:00 ubuntu-server-lab kernel: sd 2:0:0:0: [sda] Attached SCSI disk
2026-03-07T09:38:09.085075+00:00 ubuntu-server-lab kernel: e1000 0000:00:03.0 eth0: (PCI:33MHz:32-bit) 08:00:27:27:90:53
2026-03-07T09:38:09.085093+00:00 ubuntu-server-lab kernel: e1000 0000:00:03.0 eth0: Intel(R) PRO/1000 Network Connection
2026-03-07T09:38:09.085111+00:00 ubuntu-server-lab kernel: e1000 0000:00:03.0 enp0s3: renamed from eth0
2026-03-07T09:38:09.085129+00:00 ubuntu-server-lab kernel: raid6: avx2x4   gen() 14072 MB/s
2026-03-07T09:38:09.085147+00:00 ubuntu-server-lab kernel: raid6: avx2x2   gen() 18112 MB/s
2026-03-07T09:38:09.085165+00:00 ubuntu-server-lab kernel: raid6: avx2x1   gen() 15001 MB/s
2026-03-07T09:38:09.085193+00:00 ubuntu-server-lab kernel: raid6: using algorithm avx2x2 gen() 18112 MB/s
2026-03-07T09:38:09.085211+00:00 ubuntu-server-lab kernel: raid6: .... xor() 10256 MB/s, rmw enabled
2026-03-07T09:38:09.085323+00:00 ubuntu-server-lab kernel: raid6: using avx2x2 recovery algorithm
2026-03-07T09:38:09.085344+00:00 ubuntu-server-lab kernel: xor: automatically using best checksumming function   avx       
2026-03-07T09:38:09.085362+00:00 ubuntu-server-lab kernel: async_tx: api initialized (async)
2026-03-07T09:38:09.085380+00:00 ubuntu-server-lab kernel: Btrfs loaded, zoned=yes, fsverity=yes
2026-03-07T09:38:09.085399+00:00 ubuntu-server-lab kernel: EXT4-fs (dm-0): mounted filesystem b0e5c3db-3dd3-4305-8c0e-66488550fb7a ro with ordered data mode. Quota mode: none.
